Archive member included to satisfy reference by file (symbol)

c:/ac6/systemworkbench/plugins/fr.ac6.mcu.externaltools.arm-none.win32_1.17.0.201812190825/tools/compiler/bin/../lib/gcc/arm-none-eabi/7.3.1/../../../../arm-none-eabi/lib/thumb/v7-m\libc.a(lib_a-exit.o)
                              c:/ac6/systemworkbench/plugins/fr.ac6.mcu.externaltools.arm-none.win32_1.17.0.201812190825/tools/compiler/bin/../lib/gcc/arm-none-eabi/7.3.1/../../../../arm-none-eabi/lib/thumb/v7-m/rdimon-crt0.o (exit)
c:/ac6/systemworkbench/plugins/fr.ac6.mcu.externaltools.arm-none.win32_1.17.0.201812190825/tools/compiler/bin/../lib/gcc/arm-none-eabi/7.3.1/../../../../arm-none-eabi/lib/thumb/v7-m\libc.a(lib_a-impure.o)
                              c:/ac6/systemworkbench/plugins/fr.ac6.mcu.externaltools.arm-none.win32_1.17.0.201812190825/tools/compiler/bin/../lib/gcc/arm-none-eabi/7.3.1/../../../../arm-none-eabi/lib/thumb/v7-m\libc.a(lib_a-exit.o) (_global_impure_ptr)
c:/ac6/systemworkbench/plugins/fr.ac6.mcu.externaltools.arm-none.win32_1.17.0.201812190825/tools/compiler/bin/../lib/gcc/arm-none-eabi/7.3.1/../../../../arm-none-eabi/lib/thumb/v7-m\libc.a(lib_a-init.o)
                              c:/ac6/systemworkbench/plugins/fr.ac6.mcu.externaltools.arm-none.win32_1.17.0.201812190825/tools/compiler/bin/../lib/gcc/arm-none-eabi/7.3.1/../../../../arm-none-eabi/lib/thumb/v7-m/rdimon-crt0.o (__libc_init_array)
c:/ac6/systemworkbench/plugins/fr.ac6.mcu.externaltools.arm-none.win32_1.17.0.201812190825/tools/compiler/bin/../lib/gcc/arm-none-eabi/7.3.1/../../../../arm-none-eabi/lib/thumb/v7-m\libc.a(lib_a-memset.o)
                              c:/ac6/systemworkbench/plugins/fr.ac6.mcu.externaltools.arm-none.win32_1.17.0.201812190825/tools/compiler/bin/../lib/gcc/arm-none-eabi/7.3.1/../../../../arm-none-eabi/lib/thumb/v7-m/rdimon-crt0.o (memset)
c:/ac6/systemworkbench/plugins/fr.ac6.mcu.externaltools.arm-none.win32_1.17.0.201812190825/tools/compiler/bin/../lib/gcc/arm-none-eabi/7.3.1/../../../../arm-none-eabi/lib/thumb/v7-m\libc.a(lib_a-__call_atexit.o)
                              c:/ac6/systemworkbench/plugins/fr.ac6.mcu.externaltools.arm-none.win32_1.17.0.201812190825/tools/compiler/bin/../lib/gcc/arm-none-eabi/7.3.1/../../../../arm-none-eabi/lib/thumb/v7-m\libc.a(lib_a-exit.o) (__call_exitprocs)
c:/ac6/systemworkbench/plugins/fr.ac6.mcu.externaltools.arm-none.win32_1.17.0.201812190825/tools/compiler/bin/../lib/gcc/arm-none-eabi/7.3.1/../../../../arm-none-eabi/lib/thumb/v7-m\libc.a(lib_a-atexit.o)
                              c:/ac6/systemworkbench/plugins/fr.ac6.mcu.externaltools.arm-none.win32_1.17.0.201812190825/tools/compiler/bin/../lib/gcc/arm-none-eabi/7.3.1/../../../../arm-none-eabi/lib/thumb/v7-m\libc.a(lib_a-__call_atexit.o) (atexit)
c:/ac6/systemworkbench/plugins/fr.ac6.mcu.externaltools.arm-none.win32_1.17.0.201812190825/tools/compiler/bin/../lib/gcc/arm-none-eabi/7.3.1/../../../../arm-none-eabi/lib/thumb/v7-m\libc.a(lib_a-fini.o)
                              c:/ac6/systemworkbench/plugins/fr.ac6.mcu.externaltools.arm-none.win32_1.17.0.201812190825/tools/compiler/bin/../lib/gcc/arm-none-eabi/7.3.1/../../../../arm-none-eabi/lib/thumb/v7-m\libc.a(lib_a-__call_atexit.o) (__libc_fini_array)
c:/ac6/systemworkbench/plugins/fr.ac6.mcu.externaltools.arm-none.win32_1.17.0.201812190825/tools/compiler/bin/../lib/gcc/arm-none-eabi/7.3.1/../../../../arm-none-eabi/lib/thumb/v7-m\libc.a(lib_a-lock.o)
                              c:/ac6/systemworkbench/plugins/fr.ac6.mcu.externaltools.arm-none.win32_1.17.0.201812190825/tools/compiler/bin/../lib/gcc/arm-none-eabi/7.3.1/../../../../arm-none-eabi/lib/thumb/v7-m\libc.a(lib_a-__call_atexit.o) (__retarget_lock_acquire_recursive)
c:/ac6/systemworkbench/plugins/fr.ac6.mcu.externaltools.arm-none.win32_1.17.0.201812190825/tools/compiler/bin/../lib/gcc/arm-none-eabi/7.3.1/../../../../arm-none-eabi/lib/thumb/v7-m\libc.a(lib_a-__atexit.o)
                              c:/ac6/systemworkbench/plugins/fr.ac6.mcu.externaltools.arm-none.win32_1.17.0.201812190825/tools/compiler/bin/../lib/gcc/arm-none-eabi/7.3.1/../../../../arm-none-eabi/lib/thumb/v7-m\libc.a(lib_a-atexit.o) (__register_exitproc)
c:/ac6/systemworkbench/plugins/fr.ac6.mcu.externaltools.arm-none.win32_1.17.0.201812190825/tools/compiler/bin/../lib/gcc/arm-none-eabi/7.3.1/../../../../arm-none-eabi/lib/thumb/v7-m\librdimon.a(rdimon-syscalls.o)
                              c:/ac6/systemworkbench/plugins/fr.ac6.mcu.externaltools.arm-none.win32_1.17.0.201812190825/tools/compiler/bin/../lib/gcc/arm-none-eabi/7.3.1/../../../../arm-none-eabi/lib/thumb/v7-m/rdimon-crt0.o (initialise_monitor_handles)
c:/ac6/systemworkbench/plugins/fr.ac6.mcu.externaltools.arm-none.win32_1.17.0.201812190825/tools/compiler/bin/../lib/gcc/arm-none-eabi/7.3.1/../../../../arm-none-eabi/lib/thumb/v7-m\librdimon.a(rdimon-_exit.o)
[...]
Memory Configuration

Name             Origin             Length             Attributes
RAM              0x20000000         0x00005000         xrw
ROM              0x08000000         0x00020000         xr
*default*        0x00000000         0xffffffff

Linker script and memory map

LOAD c:/ac6/systemworkbench/plugins/fr.ac6.mcu.externaltools.arm-none.win32_1.17.0.201812190825/tools/compiler/bin/../lib/gcc/arm-none-eabi/7.3.1/thumb/v7-m/crti.o
LOAD c:/ac6/systemworkbench/plugins/fr.ac6.mcu.externaltools.arm-none.win32_1.17.0.201812190825/tools/compiler/bin/../lib/gcc/arm-none-eabi/7.3.1/thumb/v7-m/crtbegin.o
LOAD c:/ac6/systemworkbench/plugins/fr.ac6.mcu.externaltools.arm-none.win32_1.17.0.201812190825/tools/compiler/bin/../lib/gcc/arm-none-eabi/7.3.1/../../../../arm-none-eabi/lib/thumb/v7-m/rdimon-crt0.o
LOAD c:/ac6/systemworkbench/plugins/fr.ac6.mcu.externaltools.arm-none.win32_1.17.0.201812190825/tools/compiler/bin/../lib/gcc/arm-none-eabi/7.3.1/../../../../arm-none-eabi/lib/thumb/v7-m\libc.a
LOAD c:/ac6/systemworkbench/plugins/fr.ac6.mcu.externaltools.arm-none.win32_1.17.0.201812190825/tools/compiler/bin/../lib/gcc/arm-none-eabi/7.3.1/../../../../arm-none-eabi/lib/thumb/v7-m\librdimon.a
LOAD StdPeriph_Driver/src/misc.o
LOAD StdPeriph_Driver/src/stm32f10x_adc.o
LOAD StdPeriph_Driver/src/stm32f10x_bkp.o
LOAD StdPeriph_Driver/src/stm32f10x_can.o
LOAD StdPeriph_Driver/src/stm32f10x_cec.o
LOAD StdPeriph_Driver/src/stm32f10x_crc.o
LOAD StdPeriph_Driver/src/stm32f10x_dac.o
LOAD StdPeriph_Driver/src/stm32f10x_dbgmcu.o
LOAD StdPeriph_Driver/src/stm32f10x_dma.o
LOAD StdPeriph_Driver/src/stm32f10x_exti.o
LOAD StdPeriph_Driver/src/stm32f10x_flash.o
LOAD StdPeriph_Driver/src/stm32f10x_fsmc.o
LOAD StdPeriph_Driver/src/stm32f10x_gpio.o
LOAD StdPeriph_Driver/src/stm32f10x_i2c.o
LOAD StdPeriph_Driver/src/stm32f10x_iwdg.o
LOAD StdPeriph_Driver/src/stm32f10x_pwr.o
LOAD StdPeriph_Driver/src/stm32f10x_rcc.o
LOAD StdPeriph_Driver/src/stm32f10x_rtc.o
LOAD StdPeriph_Driver/src/stm32f10x_sdio.o
LOAD StdPeriph_Driver/src/stm32f10x_spi.o
LOAD StdPeriph_Driver/src/stm32f10x_tim.o
LOAD StdPeriph_Driver/src/stm32f10x_usart.o
LOAD StdPeriph_Driver/src/stm32f10x_wwdg.o
LOAD Third-Party/FreeRTOS/org/Source/croutine.o
LOAD Third-Party/FreeRTOS/org/Source/event_groups.o
LOAD Third-Party/FreeRTOS/org/Source/list.o
LOAD Third-Party/FreeRTOS/org/Source/queue.o
LOAD Third-Party/FreeRTOS/org/Source/stream_buffer.o
LOAD Third-Party/FreeRTOS/org/Source/tasks.o
LOAD Third-Party/FreeRTOS/org/Source/timers.o
LOAD Third-Party/FreeRTOS/org/Source/portable/GCC/ARM_CM3/port.o
LOAD Third-Party/FreeRTOS/org/Source/portable/MemMang/heap_4.o
LOAD Third-Party/SEGGER/Config/SEGGER_SYSVIEW_Config_FreeRTOS.o
LOAD Third-Party/SEGGER/OS/SEGGER_SYSVIEW_FreeRTOS.o
LOAD Third-Party/SEGGER/SEGGER/SEGGER_RTT.o
LOAD Third-Party/SEGGER/SEGGER/SEGGER_SYSVIEW.o
LOAD Utilities/STM32F1xx-Nucleo/stm32f1xx_nucleo.o
LOAD src/main.o
LOAD src/system_stm32f10x.o
LOAD startup/startup_stm32f10x_md.o
LOAD c:/ac6/systemworkbench/plugins/fr.ac6.mcu.externaltools.arm-none.win32_1.17.0.201812190825/tools/compiler/bin/../lib/gcc/arm-none-eabi/7.3.1/../../../../arm-none-eabi/lib/thumb/v7-m\libm.a
START GROUP
LOAD c:/ac6/systemworkbench/plugins/fr.ac6.mcu.externaltools.arm-none.win32_1.17.0.201812190825/tools/compiler/bin/../lib/gcc/arm-none-eabi/7.3.1/thumb/v7-m\libgcc.a
LOAD c:/ac6/systemworkbench/plugins/fr.ac6.mcu.externaltools.arm-none.win32_1.17.0.201812190825/tools/compiler/bin/../lib/gcc/arm-none-eabi/7.3.1/../../../../arm-none-eabi/lib/thumb/v7-m\libc.a
END GROUP
START GROUP
LOAD c:/ac6/systemworkbench/plugins/fr.ac6.mcu.externaltools.arm-none.win32_1.17.0.201812190825/tools/compiler/bin/../lib/gcc/arm-none-eabi/7.3.1/thumb/v7-m\libgcc.a
LOAD c:/ac6/systemworkbench/plugins/fr.ac6.mcu.externaltools.arm-none.win32_1.17.0.201812190825/tools/compiler/bin/../lib/gcc/arm-none-eabi/7.3.1/../../../../arm-none-eabi/lib/thumb/v7-m\libc.a
LOAD c:/ac6/systemworkbench/plugins/fr.ac6.mcu.externaltools.arm-none.win32_1.17.0.201812190825/tools/compiler/bin/../lib/gcc/arm-none-eabi/7.3.1/../../../../arm-none-eabi/lib/thumb/v7-m\librdimon.a
END GROUP
LOAD c:/ac6/systemworkbench/plugins/fr.ac6.mcu.externaltools.arm-none.win32_1.17.0.201812190825/tools/compiler/bin/../lib/gcc/arm-none-eabi/7.3.1/thumb/v7-m/crtend.o
LOAD c:/ac6/systemworkbench/plugins/fr.ac6.mcu.externaltools.arm-none.win32_1.17.0.201812190825/tools/compiler/bin/../lib/gcc/arm-none-eabi/7.3.1/thumb/v7-m/crtn.o
                0x20005000                _estack = 0x20005000
                0x00000000                _Min_Heap_Size = 0x0
                0x00000400                _Min_Stack_Size = 0x400

.isr_vector     0x08000000      0x10c
                0x08000000                . = ALIGN (0x4)
 *(.isr_vector)
 .isr_vector    0x08000000      0x10c startup/startup_stm32f10x_md.o
                0x08000000                g_pfnVectors
                0x0800010c                . = ALIGN (0x4)

.text           0x08000110     0x2c2c
                0x08000110                . = ALIGN (0x4)
 *(.text)
 .text          0x08000110       0x40 c:/ac6/systemworkbench/plugins/fr.ac6.mcu.externaltools.arm-none.win32_1.17.0.201812190825/tools/compiler/bin/../lib/gcc/arm-none-eabi/7.3.1/thumb/v7-m/crtbegin.o
 .text          0x08000150       0xec c:/ac6/systemworkbench/plugins/fr.ac6.mcu.externaltools.arm-none.win32_1.17.0.201812190825/tools/compiler/bin/../lib/gcc/arm-none-eabi/7.3.1/../../../../arm-none-eabi/lib/thumb/v7-m\libc.a(lib_a-memcpy.o)
                0x08000150                memcpy
 *(.text*)
 .text.__libc_init_array
                0x0800023c       0x48 c:/ac6/systemworkbench/plugins/fr.ac6.mcu.externaltools.arm-none.win32_1.17.0.201812190825/tools/compiler/bin/../lib/gcc/arm-none-eabi/7.3.1/../../../../arm-none-eabi/lib/thumb/v7-m\libc.a(lib_a-init.o)
                0x0800023c                __libc_init_array
 .text.memset   0x08000284       0x94 c:/ac6/systemworkbench/plugins/fr.ac6.mcu.externaltools.arm-none.win32_1.17.0.201812190825/tools/compiler/bin/../lib/gcc/arm-none-eabi/7.3.1/../../../../arm-none-eabi/lib/thumb/v7-m\libc.a(lib_a-memset.o)
                0x08000284                memset
 .text.startup.register_fini
                0x08000318       0x14 c:/ac6/systemworkbench/plugins/fr.ac6.mcu.externaltools.arm-none.win32_1.17.0.201812190825/tools/compiler/bin/../lib/gcc/arm-none-eabi/7.3.1/../../../../arm-none-eabi/lib/thumb/v7-m\libc.a(lib_a-__call_atexit.o)
 .text.atexit   0x0800032c        0xc c:/ac6/systemworkbench/plugins/fr.ac6.mcu.externaltools.arm-none.win32_1.17.0.201812190825/tools/compiler/bin/../lib/gcc/arm-none-eabi/7.3.1/../../../../arm-none-eabi/lib/thumb/v7-m\libc.a(lib_a-atexit.o)
                0x0800032c                atexit
 .text.__libc_fini_array
                0x08000338       0x34 c:/ac6/systemworkbench/plugins/fr.ac6.mcu.externaltools.arm-none.win32_1.17.0.201812190825/tools/compiler/bin/../lib/gcc/arm-none-eabi/7.3.1/../../../../arm-none-eabi/lib/thumb/v7-m\libc.a(lib_a-fini.o)
                0x08000338                __libc_fini_array
 .text.__retarget_lock_acquire_recursive
                0x0800036c        0x4 c:/ac6/systemworkbench/plugins/fr.ac6.mcu.externaltools.arm-none.win32_1.17.0.201812190825/tools/compiler/bin/../lib/gcc/arm-none-eabi/7.3.1/../../../../arm-none-eabi/lib/thumb/v7-m\libc.a(lib_a-lock.o)
                0x0800036c                __retarget_lock_acquire_recursive
 .text.__retarget_lock_release_recursive
                0x08000370        0x4 c:/ac6/systemworkbench/plugins/fr.ac6.mcu.externaltools.arm-none.win32_1.17.0.201812190825/tools/compiler/bin/../lib/gcc/arm-none-eabi/7.3.1/../../../../arm-none-eabi/lib/thumb/v7-m\libc.a(lib_a-lock.o)
                0x08000370                __retarget_lock_release_recursive
 .text.__register_exitproc
                0x08000374       0xc0 c:/ac6/systemworkbench/plugins/fr.ac6.mcu.externaltools.arm-none.win32_1.17.0.201812190825/tools/compiler/bin/../lib/gcc/arm-none-eabi/7.3.1/../../../../arm-none-eabi/lib/thumb/v7-m\libc.a(lib_a-__atexit.o)
                0x08000374                __register_exitproc
 .text.RCC_DeInit
                0x08000434       0x5c StdPeriph_Driver/src/stm32f10x_rcc.o
                0x08000434                RCC_DeInit
 .text.vListInitialise
                0x08000490       0x3e Third-Party/FreeRTOS/org/Source/list.o
                0x08000490                vListInitialise
 .text.vListInitialiseItem
                0x080004ce       0x18 Third-Party/FreeRTOS/org/Source/list.o
                0x080004ce                vListInitialiseItem
 .text.vListInsertEnd
                0x080004e6       0x46 Third-Party/FreeRTOS/org/Source/list.o
                0x080004e6                vListInsertEnd
 .text.uxListRemove
                0x0800052c       0x52 Third-Party/FreeRTOS/org/Source/list.o
                0x0800052c                uxListRemove
 .text.xTaskCreate
                0x0800057e       0x82 Third-Party/FreeRTOS/org/Source/tasks.o
                0x0800057e                xTaskCreate
 .text.prvInitialiseNewTask
                0x08000600       0xe2 Third-Party/FreeRTOS/org/Source/tasks.o
 *fill*         0x080006e2        0x2 
 .text.prvAddNewTaskToReadyList
                0x080006e4      0x110 Third-Party/FreeRTOS/org/Source/tasks.o
 .text.vTaskStartScheduler
                0x080007f4       0x8c Third-Party/FreeRTOS/org/Source/tasks.o
                0x080007f4                vTaskStartScheduler
 .text.vTaskSuspendAll
                0x08000880       0x1c Third-Party/FreeRTOS/org/Source/tasks.o
                0x08000880                vTaskSuspendAll
 .text.xTaskResumeAll
                0x0800089c      0x124 Third-Party/FreeRTOS/org/Source/tasks.o
                0x0800089c                xTaskResumeAll
 .text.xTaskGetTickCountFromISR
                0x080009c0       0x20 Third-Party/FreeRTOS/org/Source/tasks.o
                0x080009c0                xTaskGetTickCountFromISR
 .text.xTaskIncrementTick
                0x080009e0      0x158 Third-Party/FreeRTOS/org/Source/tasks.o
                0x080009e0                xTaskIncrementTick
 .text.vTaskSwitchContext
                0x08000b38       0xa8 Third-Party/FreeRTOS/org/Source/tasks.o
                0x08000b38                vTaskSwitchContext
 .text.prvIdleTask
                0x08000be0       0x30 Third-Party/FreeRTOS/org/Source/tasks.o
 .text.prvInitialiseTaskLists
                0x08000c10       0x80 Third-Party/FreeRTOS/org/Source/tasks.o
 .text.prvCheckTasksWaitingTermination
                0x08000c90       0x58 Third-Party/FreeRTOS/org/Source/tasks.o
 .text.prvDeleteTCB
                0x08000ce8       0x20 Third-Party/FreeRTOS/org/Source/tasks.o
 .text.prvResetNextTaskUnblockTime
                0x08000d08       0x40 Third-Party/FreeRTOS/org/Source/tasks.o
 .text.pxPortInitialiseStack
                0x08000d48       0x58 Third-Party/FreeRTOS/org/Source/portable/GCC/ARM_CM3/port.o
                0x08000d48                pxPortInitialiseStack
 .text.prvTaskExitError
                0x08000da0       0x2e Third-Party/FreeRTOS/org/Source/portable/GCC/ARM_CM3/port.o
 *fill*         0x08000dce        0x2 
 .text.SVC_Handler
                0x08000dd0       0x28 Third-Party/FreeRTOS/org/Source/portable/GCC/ARM_CM3/port.o
                0x08000dd0                SVC_Handler
 .text.prvPortStartFirstTask
                0x08000df8       0x20 Third-Party/FreeRTOS/org/Source/portable/GCC/ARM_CM3/port.o
 .text.xPortStartScheduler
                0x08000e18       0x40 Third-Party/FreeRTOS/org/Source/portable/GCC/ARM_CM3/port.o
                0x08000e18                xPortStartScheduler
 .text.vPortEnterCritical
                0x08000e58       0x30 Third-Party/FreeRTOS/org/Source/portable/GCC/ARM_CM3/port.o
                0x08000e58                vPortEnterCritical
 .text.vPortExitCritical
                0x08000e88       0x30 Third-Party/FreeRTOS/org/Source/portable/GCC/ARM_CM3/port.o
                0x08000e88                vPortExitCritical
 *fill*         0x08000eb8        0x8 
 .text.PendSV_Handler
                0x08000ec0       0x48 Third-Party/FreeRTOS/org/Source/portable/GCC/ARM_CM3/port.o
                0x08000ec0                PendSV_Handler
 .text.SysTick_Handler
                0x08000f08       0x50 Third-Party/FreeRTOS/org/Source/portable/GCC/ARM_CM3/port.o
                0x08000f08                SysTick_Handler
 .text.vPortSetupTimerInterrupt
                0x08000f58       0x34 Third-Party/FreeRTOS/org/Source/portable/GCC/ARM_CM3/port.o
                0x08000f58                vPortSetupTimerInterrupt
 .text.pvPortMalloc
                0x08000f8c      0x128 Third-Party/FreeRTOS/org/Source/portable/MemMang/heap_4.o
                0x08000f8c                pvPortMalloc
 .text.vPortFree
                0x080010b4       0x74 Third-Party/FreeRTOS/org/Source/portable/MemMang/heap_4.o
                0x080010b4                vPortFree
 .text.prvHeapInit
                0x08001128       0xc4 Third-Party/FreeRTOS/org/Source/portable/MemMang/heap_4.o
 .text.prvInsertBlockIntoFreeList
                0x080011ec       0xb0 Third-Party/FreeRTOS/org/Source/portable/MemMang/heap_4.o
 .text._cbSendSystemDesc
                0x0800129c       0x1c Third-Party/SEGGER/Config/SEGGER_SYSVIEW_Config_FreeRTOS.o
 .text.SEGGER_SYSVIEW_Conf
                0x080012b8       0x28 Third-Party/SEGGER/Config/SEGGER_SYSVIEW_Config_FreeRTOS.o
                0x080012b8                SEGGER_SYSVIEW_Conf
 .text._cbSendTaskList
                0x080012e0       0x90 Third-Party/SEGGER/OS/SEGGER_SYSVIEW_FreeRTOS.o
 .text._cbGetTime
                0x08001370       0x76 Third-Party/SEGGER/OS/SEGGER_SYSVIEW_FreeRTOS.o
 *fill*         0x080013e6        0x2 
 .text.SYSVIEW_AddTask
                0x080013e8       0xd0 Third-Party/SEGGER/OS/SEGGER_SYSVIEW_FreeRTOS.o
                0x080013e8                SYSVIEW_AddTask
 .text.SYSVIEW_SendTaskInfo
                0x080014b8       0x42 Third-Party/SEGGER/OS/SEGGER_SYSVIEW_FreeRTOS.o
                0x080014b8                SYSVIEW_SendTaskInfo
 *fill*         0x080014fa        0x2 
 .text._DoInit  0x080014fc       0xa4 Third-Party/SEGGER/SEGGER/SEGGER_RTT.o
 .text.SEGGER_RTT_ReadNoLock
                0x080015a0      0x104 Third-Party/SEGGER/SEGGER/SEGGER_RTT.o
                0x080015a0                SEGGER_RTT_ReadNoLock
 .text.SEGGER_RTT_WriteSkipNoLock
                0x080016a4       0xe8 Third-Party/SEGGER/SEGGER/SEGGER_RTT.o
                0x080016a4                SEGGER_RTT_WriteSkipNoLock
 .text.SEGGER_RTT_ConfigUpBuffer
                0x0800178c       0xd4 Third-Party/SEGGER/SEGGER/SEGGER_RTT.o
                0x0800178c                SEGGER_RTT_ConfigUpBuffer
 .text.SEGGER_RTT_ConfigDownBuffer
                0x08001860       0xd4 Third-Party/SEGGER/SEGGER/SEGGER_RTT.o
                0x08001860                SEGGER_RTT_ConfigDownBuffer
 .text._EncodeStr
                0x08001934       0x98 Third-Party/SEGGER/SEGGER/SEGGER_SYSVIEW.o
 .text._PreparePacket
                0x080019cc       0x16 Third-Party/SEGGER/SEGGER/SEGGER_SYSVIEW.o
 .text._HandleIncomingPacket
                0x080019e2       0xb8 Third-Party/SEGGER/SEGGER/SEGGER_SYSVIEW.o
 *fill*         0x08001a9a        0x2 
 .text._TrySendOverflowPacket
                0x08001a9c       0xe0 Third-Party/SEGGER/SEGGER/SEGGER_SYSVIEW.o
 .text._SendPacket
                0x08001b7c      0x1a8 Third-Party/SEGGER/SEGGER/SEGGER_SYSVIEW.o
 .text.SEGGER_SYSVIEW_Init
                0x08001d24       0x7c Third-Party/SEGGER/SEGGER/SEGGER_SYSVIEW.o
                0x08001d24                SEGGER_SYSVIEW_Init
 .text.SEGGER_SYSVIEW_SetRAMBase
                0x08001da0       0x1c Third-Party/SEGGER/SEGGER/SEGGER_SYSVIEW.o
                0x08001da0                SEGGER_SYSVIEW_SetRAMBase
 .text.SEGGER_SYSVIEW_RecordVoid
                0x08001dbc       0x3c Third-Party/SEGGER/SEGGER/SEGGER_SYSVIEW.o
                0x08001dbc                SEGGER_SYSVIEW_RecordVoid
 .text.SEGGER_SYSVIEW_RecordU32
                0x08001df8       0x78 Third-Party/SEGGER/SEGGER/SEGGER_SYSVIEW.o
                0x08001df8                SEGGER_SYSVIEW_RecordU32
 .text.SEGGER_SYSVIEW_RecordU32x2
                0x08001e70       0xb4 Third-Party/SEGGER/SEGGER/SEGGER_SYSVIEW.o
                0x08001e70                SEGGER_SYSVIEW_RecordU32x2
 .text.SEGGER_SYSVIEW_Start
                0x08001f24      0x178 Third-Party/SEGGER/SEGGER/SEGGER_SYSVIEW.o
                0x08001f24                SEGGER_SYSVIEW_Start
 .text.SEGGER_SYSVIEW_Stop
                0x0800209c       0x4c Third-Party/SEGGER/SEGGER/SEGGER_SYSVIEW.o
                0x0800209c                SEGGER_SYSVIEW_Stop
 .text.SEGGER_SYSVIEW_GetSysDesc
                0x080020e8      0x134 Third-Party/SEGGER/SEGGER/SEGGER_SYSVIEW.o
                0x080020e8                SEGGER_SYSVIEW_GetSysDesc
 .text.SEGGER_SYSVIEW_SendTaskInfo
                0x0800221c      0x1cc Third-Party/SEGGER/SEGGER/SEGGER_SYSVIEW.o
                0x0800221c                SEGGER_SYSVIEW_SendTaskInfo
 .text.SEGGER_SYSVIEW_SendTaskList
                0x080023e8       0x28 Third-Party/SEGGER/SEGGER/SEGGER_SYSVIEW.o
                0x080023e8                SEGGER_SYSVIEW_SendTaskList
 .text.SEGGER_SYSVIEW_SendSysDesc
                0x08002410       0x48 Third-Party/SEGGER/SEGGER/SEGGER_SYSVIEW.o
                0x08002410                SEGGER_SYSVIEW_SendSysDesc
 .text.SEGGER_SYSVIEW_RecordSystime
                0x08002458       0x60 Third-Party/SEGGER/SEGGER/SEGGER_SYSVIEW.o
                0x08002458                SEGGER_SYSVIEW_RecordSystime
 .text.SEGGER_SYSVIEW_RecordEnterISR
                0x080024b8       0x84 Third-Party/SEGGER/SEGGER/SEGGER_SYSVIEW.o
                0x080024b8                SEGGER_SYSVIEW_RecordEnterISR
 .text.SEGGER_SYSVIEW_RecordExitISR
                0x0800253c       0x38 Third-Party/SEGGER/SEGGER/SEGGER_SYSVIEW.o
                0x0800253c                SEGGER_SYSVIEW_RecordExitISR
 .text.SEGGER_SYSVIEW_RecordExitISRToScheduler
                0x08002574       0x38 Third-Party/SEGGER/SEGGER/SEGGER_SYSVIEW.o
                0x08002574                SEGGER_SYSVIEW_RecordExitISRToScheduler
 .text.SEGGER_SYSVIEW_OnIdle
                0x080025ac       0x38 Third-Party/SEGGER/SEGGER/SEGGER_SYSVIEW.o
                0x080025ac                SEGGER_SYSVIEW_OnIdle
 .text.SEGGER_SYSVIEW_OnTaskCreate
                0x080025e4       0x88 Third-Party/SEGGER/SEGGER/SEGGER_SYSVIEW.o
                0x080025e4                SEGGER_SYSVIEW_OnTaskCreate
 .text.SEGGER_SYSVIEW_OnTaskStartExec
                0x0800266c       0x88 Third-Party/SEGGER/SEGGER/SEGGER_SYSVIEW.o
                0x0800266c                SEGGER_SYSVIEW_OnTaskStartExec
 .text.SEGGER_SYSVIEW_OnTaskStartReady
                0x080026f4       0x88 Third-Party/SEGGER/SEGGER/SEGGER_SYSVIEW.o
                0x080026f4                SEGGER_SYSVIEW_OnTaskStartReady
 .text.SEGGER_SYSVIEW_SendModule
                0x0800277c      0x100 Third-Party/SEGGER/SEGGER/SEGGER_SYSVIEW.o
                0x0800277c                SEGGER_SYSVIEW_SendModule
 .text.SEGGER_SYSVIEW_SendModuleDescription
                0x0800287c       0x3c Third-Party/SEGGER/SEGGER/SEGGER_SYSVIEW.o
                0x0800287c                SEGGER_SYSVIEW_SendModuleDescription
 .text.SEGGER_SYSVIEW_SendNumModules
                0x080028b8       0x7c Third-Party/SEGGER/SEGGER/SEGGER_SYSVIEW.o
                0x080028b8                SEGGER_SYSVIEW_SendNumModules
 .text.SEGGER_SYSVIEW_Warn
                0x08002934       0xb8 Third-Party/SEGGER/SEGGER/SEGGER_SYSVIEW.o
                0x08002934                SEGGER_SYSVIEW_Warn
 .text.main     0x080029ec       0x7c src/main.o
                0x080029ec                main
 .text.vTask1_handler
                0x08002a68        0xa src/main.o
                0x08002a68                vTask1_handler
 .text.vTask2_handler
                0x08002a72        0xa src/main.o
                0x08002a72                vTask2_handler
 .text.SystemInit
                0x08002a7c       0x68 src/system_stm32f10x.o
                0x08002a7c                SystemInit
 .text.SystemCoreClockUpdate
                0x08002ae4       0xd8 src/system_stm32f10x.o
                0x08002ae4                SystemCoreClockUpdate
 .text.SetSysClock
                0x08002bbc       0xb8 src/system_stm32f10x.o
 .text.Reset_Handler
                0x08002c74       0x48 startup/startup_stm32f10x_md.o
                0x08002c74                Reset_Handler
 .text.Default_Handler
                0x08002cbc        0x2 startup/startup_stm32f10x_md.o
                0x08002cbc                EXTI2_IRQHandler
                0x08002cbc                DebugMon_Handler
                0x08002cbc                TIM1_CC_IRQHandler
                0x08002cbc                HardFault_Handler
                0x08002cbc                PVD_IRQHandler
                0x08002cbc                NMI_Handler
                0x08002cbc                EXTI3_IRQHandler
                0x08002cbc                EXTI0_IRQHandler
                0x08002cbc                I2C2_EV_IRQHandler
                0x08002cbc                UsageFault_Handler
                0x08002cbc                ADC1_2_IRQHandler
                0x08002cbc                SPI1_IRQHandler
                0x08002cbc                TAMPER_IRQHandler
                0x08002cbc                DMA1_Channel4_IRQHandler
                0x08002cbc                USART3_IRQHandler
                0x08002cbc                RTC_IRQHandler
                0x08002cbc                DMA1_Channel7_IRQHandler
                0x08002cbc                CAN1_RX1_IRQHandler
                0x08002cbc                TIM4_IRQHandler
                0x08002cbc                I2C1_EV_IRQHandler
                0x08002cbc                DMA1_Channel6_IRQHandler
                0x08002cbc                TIM3_IRQHandler
                0x08002cbc                RCC_IRQHandler
                0x08002cbc                TIM1_TRG_COM_IRQHandler
                0x08002cbc                DMA1_Channel1_IRQHandler
                0x08002cbc                Default_Handler
                0x08002cbc                EXTI15_10_IRQHandler
                0x08002cbc                EXTI9_5_IRQHandler
                0x08002cbc                SPI2_IRQHandler
                0x08002cbc                MemManage_Handler
                0x08002cbc                DMA1_Channel5_IRQHandler
                0x08002cbc                EXTI4_IRQHandler
                0x08002cbc                USB_LP_CAN1_RX0_IRQHandler
                0x08002cbc                USB_HP_CAN1_TX_IRQHandler
                0x08002cbc                DMA1_Channel3_IRQHandler
                0x08002cbc                TIM1_UP_IRQHandler
                0x08002cbc                WWDG_IRQHandler
                0x08002cbc                TIM2_IRQHandler
                0x08002cbc                TIM1_BRK_IRQHandler
                0x08002cbc                EXTI1_IRQHandler
                0x08002cbc                RTCAlarm_IRQHandler
                0x08002cbc                USART2_IRQHandler
                0x08002cbc                I2C2_ER_IRQHandler
                0x08002cbc                DMA1_Channel2_IRQHandler
                0x08002cbc                CAN1_SCE_IRQHandler
                0x08002cbc                FLASH_IRQHandler
                0x08002cbc                BusFault_Handler
                0x08002cbc                USART1_IRQHandler
                0x08002cbc                I2C1_ER_IRQHandler
                0x08002cbc                USBWakeUp_IRQHandler
 *fill*         0x08002cbe        0x2 
 .text.memcmp   0x08002cc0       0x64 c:/ac6/systemworkbench/plugins/fr.ac6.mcu.externaltools.arm-none.win32_1.17.0.201812190825/tools/compiler/bin/../lib/gcc/arm-none-eabi/7.3.1/../../../../arm-none-eabi/lib/thumb/v7-m\libc.a(lib_a-memcmp.o)
                0x08002cc0                memcmp
 *(.glue_7)
 .glue_7        0x08002d24        0x0 linker stubs
 *(.glue_7t)
 .glue_7t       0x08002d24        0x0 linker stubs
 *(.eh_frame)
 .eh_frame      0x08002d24        0x0 c:/ac6/systemworkbench/plugins/fr.ac6.mcu.externaltools.arm-none.win32_1.17.0.201812190825/tools/compiler/bin/../lib/gcc/arm-none-eabi/7.3.1/thumb/v7-m/crtbegin.o
 *(.init)
 .init          0x08002d24        0x4 c:/ac6/systemworkbench/plugins/fr.ac6.mcu.externaltools.arm-none.win32_1.17.0.201812190825/tools/compiler/bin/../lib/gcc/arm-none-eabi/7.3.1/thumb/v7-m/crti.o
                0x08002d24                _init
 .init          0x08002d28        0x8 c:/ac6/systemworkbench/plugins/fr.ac6.mcu.externaltools.arm-none.win32_1.17.0.201812190825/tools/compiler/bin/../lib/gcc/arm-none-eabi/7.3.1/thumb/v7-m/crtn.o
 *(.fini)
 .fini          0x08002d30        0x4 c:/ac6/systemworkbench/plugins/fr.ac6.mcu.externaltools.arm-none.win32_1.17.0.201812190825/tools/compiler/bin/../lib/gcc/arm-none-eabi/7.3.1/thumb/v7-m/crti.o
                0x08002d30                _fini
 .fini          0x08002d34        0x8 c:/ac6/systemworkbench/plugins/fr.ac6.mcu.externaltools.arm-none.win32_1.17.0.201812190825/tools/compiler/bin/../lib/gcc/arm-none-eabi/7.3.1/thumb/v7-m/crtn.o
                0x08002d3c                . = ALIGN (0x4)
                0x08002d3c                _etext = .

.vfp11_veneer   0x08002d3c        0x0
 .vfp11_veneer  0x08002d3c        0x0 linker stubs

.v4_bx          0x08002d3c        0x0
 .v4_bx         0x08002d3c        0x0 linker stubs

.iplt           0x08002d3c        0x0
 .iplt          0x08002d3c        0x0 c:/ac6/systemworkbench/plugins/fr.ac6.mcu.externaltools.arm-none.win32_1.17.0.201812190825/tools/compiler/bin/../lib/gcc/arm-none-eabi/7.3.1/thumb/v7-m/crtbegin.o

.rodata         0x08002d3c       0xfc
                0x08002d3c                . = ALIGN (0x4)
 *(.rodata)
 .rodata        0x08002d3c        0x5 Third-Party/FreeRTOS/org/Source/tasks.o
 *fill*         0x08002d41        0x3 
 .rodata        0x08002d44       0x41 Third-Party/SEGGER/Config/SEGGER_SYSVIEW_Config_FreeRTOS.o
 *fill*         0x08002d85        0x3 
 .rodata        0x08002d88       0x60 Third-Party/SEGGER/OS/SEGGER_SYSVIEW_FreeRTOS.o
                0x08002de0                SYSVIEW_X_OS_TraceAPI
 .rodata        0x08002de8       0x17 Third-Party/SEGGER/SEGGER/SEGGER_RTT.o
 *fill*         0x08002dff        0x1 
 .rodata        0x08002e00       0x24 Third-Party/SEGGER/SEGGER/SEGGER_SYSVIEW.o
 .rodata        0x08002e24        0xf src/main.o
 *(.rodata*)
 *fill*         0x08002e33        0x1 
 .rodata._global_impure_ptr
                0x08002e34        0x4 c:/ac6/systemworkbench/plugins/fr.ac6.mcu.externaltools.arm-none.win32_1.17.0.201812190825/tools/compiler/bin/../lib/gcc/arm-none-eabi/7.3.1/../../../../arm-none-eabi/lib/thumb/v7-m\libc.a(lib_a-impure.o)
                0x08002e34                _global_impure_ptr
                0x08002e38                . = ALIGN (0x4)

.rel.dyn        0x08002e38        0x0
 .rel.iplt      0x08002e38        0x0 c:/ac6/systemworkbench/plugins/fr.ac6.mcu.externaltools.arm-none.win32_1.17.0.201812190825/tools/compiler/bin/../lib/gcc/arm-none-eabi/7.3.1/thumb/v7-m/crtbegin.o

.ARM.extab      0x08002e38        0x0
                0x08002e38                . = ALIGN (0x4)
 *(.ARM.extab* .gnu.linkonce.armextab.*)
                0x08002e38                . = ALIGN (0x4)

.ARM            0x08002e38        0x0
                0x08002e38                . = ALIGN (0x4)
                0x08002e38                __exidx_start = .
 *(.ARM.exidx*)
                0x08002e38                __exidx_end = .
                0x08002e38                . = ALIGN (0x4)

.preinit_array  0x08002e38        0x0
                0x08002e38                . = ALIGN (0x4)
                0x08002e38                PROVIDE (__preinit_array_start = .)
 *(.preinit_array*)
                0x08002e38                PROVIDE (__preinit_array_end = .)
                0x08002e38                . = ALIGN (0x4)

.init_array     0x08002e38        0x8
                0x08002e38                . = ALIGN (0x4)
                0x08002e38                PROVIDE (__init_array_start = .)
 *(SORT_BY_NAME(.init_array.*))
 .init_array.00000
                0x08002e38        0x4 c:/ac6/systemworkbench/plugins/fr.ac6.mcu.externaltools.arm-none.win32_1.17.0.201812190825/tools/compiler/bin/../lib/gcc/arm-none-eabi/7.3.1/../../../../arm-none-eabi/lib/thumb/v7-m\libc.a(lib_a-__call_atexit.o)
 *(.init_array*)
 .init_array    0x08002e3c        0x4 c:/ac6/systemworkbench/plugins/fr.ac6.mcu.externaltools.arm-none.win32_1.17.0.201812190825/tools/compiler/bin/../lib/gcc/arm-none-eabi/7.3.1/thumb/v7-m/crtbegin.o
                0x08002e40                PROVIDE (__init_array_end = .)
                0x08002e40                . = ALIGN (0x4)

.fini_array     0x08002e40        0x4
                0x08002e40                . = ALIGN (0x4)
                0x08002e40                PROVIDE (__fini_array_start = .)
 *(SORT_BY_NAME(.fini_array.*))
 *(.fini_array*)
 .fini_array    0x08002e40        0x4 c:/ac6/systemworkbench/plugins/fr.ac6.mcu.externaltools.arm-none.win32_1.17.0.201812190825/tools/compiler/bin/../lib/gcc/arm-none-eabi/7.3.1/thumb/v7-m/crtbegin.o
                0x08002e44                PROVIDE (__fini_array_end = .)
                0x08002e44                . = ALIGN (0x4)
                0x08002e44                _sidata = LOADADDR (.data)

.data           0x20000000      0x444 load address 0x08002e44
                0x20000000                . = ALIGN (0x4)
                0x20000000                _sdata = .
 *(.data)
 .data          0x20000000        0x4 Third-Party/FreeRTOS/org/Source/portable/GCC/ARM_CM3/port.o
 .data          0x20000004       0x14 src/system_stm32f10x.o
                0x20000004                SystemCoreClock
                0x20000008                AHBPrescTable
 *(.data*)
 .data.impure_data
                0x20000018      0x428 c:/ac6/systemworkbench/plugins/fr.ac6.mcu.externaltools.arm-none.win32_1.17.0.201812190825/tools/compiler/bin/../lib/gcc/arm-none-eabi/7.3.1/../../../../arm-none-eabi/lib/thumb/v7-m\libc.a(lib_a-impure.o)
 .data.__atexit_recursive_mutex
                0x20000440        0x4 c:/ac6/systemworkbench/plugins/fr.ac6.mcu.externaltools.arm-none.win32_1.17.0.201812190825/tools/compiler/bin/../lib/gcc/arm-none-eabi/7.3.1/../../../../arm-none-eabi/lib/thumb/v7-m\libc.a(lib_a-__call_atexit.o)
                0x20000440                __atexit_recursive_mutex
                0x20000444                . = ALIGN (0x4)
                0x20000444                _edata = .

.igot.plt       0x20000444        0x0 load address 0x08003288
 .igot.plt      0x20000444        0x0 c:/ac6/systemworkbench/plugins/fr.ac6.mcu.externaltools.arm-none.win32_1.17.0.201812190825/tools/compiler/bin/../lib/gcc/arm-none-eabi/7.3.1/thumb/v7-m/crtbegin.o
                0x20000444                . = ALIGN (0x4)

.bss            0x20000444     0x43e0 load address 0x08003288
                0x20000444                _sbss = .
                0x20000444                __bss_start__ = _sbss
 *(.bss)
 .bss           0x20000444       0x1c c:/ac6/systemworkbench/plugins/fr.ac6.mcu.externaltools.arm-none.win32_1.17.0.201812190825/tools/compiler/bin/../lib/gcc/arm-none-eabi/7.3.1/thumb/v7-m/crtbegin.o
 .bss           0x20000460      0x104 Third-Party/FreeRTOS/org/Source/tasks.o
                0x20000460                pxCurrentTCB
 .bss           0x20000564     0x3418 Third-Party/FreeRTOS/org/Source/portable/MemMang/heap_4.o
 .bss           0x2000397c       0xa4 Third-Party/SEGGER/OS/SEGGER_SYSVIEW_FreeRTOS.o
 .bss           0x20003a20      0x411 Third-Party/SEGGER/SEGGER/SEGGER_RTT.o
 *fill*         0x20003e31        0x3 
 .bss           0x20003e34      0x91b Third-Party/SEGGER/SEGGER/SEGGER_SYSVIEW.o
 *fill*         0x2000474f        0x1 
 .bss           0x20004750        0x8 src/main.o
                0x20004750                xTaskHandle1
                0x20004754                xTaskHandle2
 *(.bss*)
 *(COMMON)
 COMMON         0x20004758       0x21 c:/ac6/systemworkbench/plugins/fr.ac6.mcu.externaltools.arm-none.win32_1.17.0.201812190825/tools/compiler/bin/../lib/gcc/arm-none-eabi/7.3.1/../../../../arm-none-eabi/lib/thumb/v7-m\libc.a(lib_a-lock.o)
                0x20004758                __lock___atexit_recursive_mutex
                0x2000475c                __lock___arc4random_mutex
                0x20004760                __lock___env_recursive_mutex
                0x20004764                __lock___sinit_recursive_mutex
                0x20004768                __lock___malloc_recursive_mutex
                0x2000476c                __lock___at_quick_exit_mutex
                0x20004770                __lock___dd_hash_mutex
                0x20004774                __lock___tz_mutex
                0x20004778                __lock___sfp_recursive_mutex
 *fill*         0x20004779        0x3 
 COMMON         0x2000477c       0xa8 Third-Party/SEGGER/SEGGER/SEGGER_RTT.o
                0x2000477c                _SEGGER_RTT
                0x20004824                . = ALIGN (0x4)
                0x20004824                _ebss = .
                0x20004824                __bss_end__ = _ebss

._user_heap_stack
                0x20004824      0x404 load address 0x08003288
                0x20004828                . = ALIGN (0x8)
 *fill*         0x20004824        0x4 
                0x20004828                PROVIDE (end = .)
                [!provide]                PROVIDE (_end = .)
                0x20004828                . = (. + _Min_Heap_Size)
                0x20004c28                . = (. + _Min_Stack_Size)
 *fill*         0x20004828      0x400 
                0x20004c28                . = ALIGN (0x8)

/DISCARD/
 libc.a(*)
 libm.a(*)
 libgcc.a(*)

.ARM.attributes
                0x00000000       0x29
 *(.ARM.attributes)
 .ARM.attributes
                0x00000000       0x1d c:/ac6/systemworkbench/plugins/fr.ac6.mcu.externaltools.arm-none.win32_1.17.0.201812190825/tools/compiler/bin/../lib/gcc/arm-none-eabi/7.3.1/thumb/v7-m/crti.o
 .ARM.attributes
                0x0000001d       0x2d c:/ac6/systemworkbench/plugins/fr.ac6.mcu.externaltools.arm-none.win32_1.17.0.201812190825/tools/compiler/bin/../lib/gcc/arm-none-eabi/7.3.1/thumb/v7-m/crtbegin.o
 .ARM.attributes
                0x0000004a       0x2d c:/ac6/systemworkbench/plugins/fr.ac6.mcu.externaltools.arm-none.win32_1.17.0.201812190825/tools/compiler/bin/../lib/gcc/arm-none-eabi/7.3.1/../../../../arm-none-eabi/lib/thumb/v7-m\libc.a(lib_a-impure.o)
 .ARM.attributes
                0x00000077       0x2d c:/ac6/systemworkbench/plugins/fr.ac6.mcu.externaltools.arm-none.win32_1.17.0.201812190825/tools/compiler/bin/../lib/gcc/arm-none-eabi/7.3.1/../../../../arm-none-eabi/lib/thumb/v7-m\libc.a(lib_a-init.o)
 .ARM.attributes
                0x000000a4       0x2d c:/ac6/systemworkbench/plugins/fr.ac6.mcu.externaltools.arm-none.win32_1.17.0.201812190825/tools/compiler/bin/../lib/gcc/arm-none-eabi/7.3.1/../../../../arm-none-eabi/lib/thumb/v7-m\libc.a(lib_a-memset.o)
 .ARM.attributes
                0x000000d1       0x2d c:/ac6/systemworkbench/plugins/fr.ac6.mcu.externaltools.arm-none.win32_1.17.0.201812190825/tools/compiler/bin/../lib/gcc/arm-none-eabi/7.3.1/../../../../arm-none-eabi/lib/thumb/v7-m\libc.a(lib_a-__call_atexit.o)
 .ARM.attributes
                0x000000fe       0x2d c:/ac6/systemworkbench/plugins/fr.ac6.mcu.externaltools.arm-none.win32_1.17.0.201812190825/tools/compiler/bin/../lib/gcc/arm-none-eabi/7.3.1/../../../../arm-none-eabi/lib/thumb/v7-m\libc.a(lib_a-atexit.o)
 .ARM.attributes
                0x0000012b       0x2d c:/ac6/systemworkbench/plugins/fr.ac6.mcu.externaltools.arm-none.win32_1.17.0.201812190825/tools/compiler/bin/../lib/gcc/arm-none-eabi/7.3.1/../../../../arm-none-eabi/lib/thumb/v7-m\libc.a(lib_a-fini.o)
 .ARM.attributes
                0x00000158       0x2d c:/ac6/systemworkbench/plugins/fr.ac6.mcu.externaltools.arm-none.win32_1.17.0.201812190825/tools/compiler/bin/../lib/gcc/arm-none-eabi/7.3.1/../../../../arm-none-eabi/lib/thumb/v7-m\libc.a(lib_a-lock.o)
 .ARM.attributes
                0x00000185       0x2d c:/ac6/systemworkbench/plugins/fr.ac6.mcu.externaltools.arm-none.win32_1.17.0.201812190825/tools/compiler/bin/../lib/gcc/arm-none-eabi/7.3.1/../../../../arm-none-eabi/lib/thumb/v7-m\libc.a(lib_a-__atexit.o)
 .ARM.attributes
                0x000001b2       0x33 StdPeriph_Driver/src/stm32f10x_rcc.o
 .ARM.attributes
                0x000001e5       0x33 Third-Party/FreeRTOS/org/Source/list.o
 .ARM.attributes
                0x00000218       0x33 Third-Party/FreeRTOS/org/Source/tasks.o
 .ARM.attributes
                0x0000024b       0x33 Third-Party/FreeRTOS/org/Source/portable/GCC/ARM_CM3/port.o
 .ARM.attributes
                0x0000027e       0x33 Third-Party/FreeRTOS/org/Source/portable/MemMang/heap_4.o
 .ARM.attributes
                0x000002b1       0x33 Third-Party/SEGGER/Config/SEGGER_SYSVIEW_Config_FreeRTOS.o
 .ARM.attributes
                0x000002e4       0x33 Third-Party/SEGGER/OS/SEGGER_SYSVIEW_FreeRTOS.o
 .ARM.attributes
                0x00000317       0x33 Third-Party/SEGGER/SEGGER/SEGGER_RTT.o
 .ARM.attributes
                0x0000034a       0x33 Third-Party/SEGGER/SEGGER/SEGGER_SYSVIEW.o
 .ARM.attributes
                0x0000037d       0x33 src/main.o
 .ARM.attributes
                0x000003b0       0x33 src/system_stm32f10x.o
 .ARM.attributes
                0x000003e3       0x21 startup/startup_stm32f10x_md.o
 .ARM.attributes
                0x00000404       0x2d c:/ac6/systemworkbench/plugins/fr.ac6.mcu.externaltools.arm-none.win32_1.17.0.201812190825/tools/compiler/bin/../lib/gcc/arm-none-eabi/7.3.1/../../../../arm-none-eabi/lib/thumb/v7-m\libc.a(lib_a-memcmp.o)
 .ARM.attributes
                0x00000431       0x1b c:/ac6/systemworkbench/plugins/fr.ac6.mcu.externaltools.arm-none.win32_1.17.0.201812190825/tools/compiler/bin/../lib/gcc/arm-none-eabi/7.3.1/../../../../arm-none-eabi/lib/thumb/v7-m\libc.a(lib_a-memcpy.o)
 .ARM.attributes
                0x0000044c       0x1d c:/ac6/systemworkbench/plugins/fr.ac6.mcu.externaltools.arm-none.win32_1.17.0.201812190825/tools/compiler/bin/../lib/gcc/arm-none-eabi/7.3.1/thumb/v7-m/crtn.o
OUTPUT(STM32_RTOS.elf elf32-littlearm)

.debug_frame    0x00000000     0x2338
 .debug_frame   0x00000000       0x2c c:/ac6/systemworkbench/plugins/fr.ac6.mcu.externaltools.arm-none.win32_1.17.0.201812190825/tools/compiler/bin/../lib/gcc/arm-none-eabi/7.3.1/../../../../arm-none-eabi/lib/thumb/v7-m\libc.a(lib_a-init.o)
 .debug_frame   0x0000002c       0x38 c:/ac6/systemworkbench/plugins/fr.ac6.mcu.externaltools.arm-none.win32_1.17.0.201812190825/tools/compiler/bin/../lib/gcc/arm-none-eabi/7.3.1/../../../../arm-none-eabi/lib/thumb/v7-m\libc.a(lib_a-memset.o)
 .debug_frame   0x00000064       0x5c c:/ac6/systemworkbench/plugins/fr.ac6.mcu.externaltools.arm-none.win32_1.17.0.201812190825/tools/compiler/bin/../lib/gcc/arm-none-eabi/7.3.1/../../../../arm-none-eabi/lib/thumb/v7-m\libc.a(lib_a-__call_atexit.o)
 .debug_frame   0x000000c0       0x20 c:/ac6/systemworkbench/plugins/fr.ac6.mcu.externaltools.arm-none.win32_1.17.0.201812190825/tools/compiler/bin/../lib/gcc/arm-none-eabi/7.3.1/../../../../arm-none-eabi/lib/thumb/v7-m\libc.a(lib_a-atexit.o)
 .debug_frame   0x000000e0       0x34 c:/ac6/systemworkbench/plugins/fr.ac6.mcu.externaltools.arm-none.win32_1.17.0.201812190825/tools/compiler/bin/../lib/gcc/arm-none-eabi/7.3.1/../../../../arm-none-eabi/lib/thumb/v7-m\libc.a(lib_a-fini.o)
 .debug_frame   0x00000114       0xb0 c:/ac6/systemworkbench/plugins/fr.ac6.mcu.externaltools.arm-none.win32_1.17.0.201812190825/tools/compiler/bin/../lib/gcc/arm-none-eabi/7.3.1/../../../../arm-none-eabi/lib/thumb/v7-m\libc.a(lib_a-lock.o)
 .debug_frame   0x000001c4       0x34 c:/ac6/systemworkbench/plugins/fr.ac6.mcu.externaltools.arm-none.win32_1.17.0.201812190825/tools/compiler/bin/../lib/gcc/arm-none-eabi/7.3.1/../../../../arm-none-eabi/lib/thumb/v7-m\libc.a(lib_a-__atexit.o)
 .debug_frame   0x000001f8      0x4f4 StdPeriph_Driver/src/stm32f10x_rcc.o
 .debug_frame   0x000006ec       0xd8 Third-Party/FreeRTOS/org/Source/list.o
 .debug_frame   0x000007c4      0x6b0 Third-Party/FreeRTOS/org/Source/tasks.o
 .debug_frame   0x00000e74      0x160 Third-Party/FreeRTOS/org/Source/portable/GCC/ARM_CM3/port.o
 .debug_frame   0x00000fd4      0x108 Third-Party/FreeRTOS/org/Source/portable/MemMang/heap_4.o
 .debug_frame   0x000010dc       0x48 Third-Party/SEGGER/Config/SEGGER_SYSVIEW_Config_FreeRTOS.o
 .debug_frame   0x00001124      0x100 Third-Party/SEGGER/OS/SEGGER_SYSVIEW_FreeRTOS.o
 .debug_frame   0x00001224      0x478 Third-Party/SEGGER/SEGGER/SEGGER_RTT.o
 .debug_frame   0x0000169c      0xb5c Third-Party/SEGGER/SEGGER/SEGGER_SYSVIEW.o
 .debug_frame   0x000021f8       0x8c src/main.o
 .debug_frame   0x00002284       0x7c src/system_stm32f10x.o
 .debug_frame   0x00002300       0x38 c:/ac6/systemworkbench/plugins/fr.ac6.mcu.externaltools.arm-none.win32_1.17.0.201812190825/tools/compiler/bin/../lib/gcc/arm-none-eabi/7.3.1/../../../../arm-none-eabi/lib/thumb/v7-m\libc.a(lib_a-memcmp.o)

.debug_info     0x00000000     0xacdf
 .debug_info    0x00000000      0x8b2 StdPeriph_Driver/src/stm32f10x_rcc.o
 .debug_info    0x000008b2      0xad0 Third-Party/FreeRTOS/org/Source/list.o
 .debug_info    0x00001382     0x1c54 Third-Party/FreeRTOS/org/Source/tasks.o
 .debug_info    0x00002fd6      0x2df Third-Party/FreeRTOS/org/Source/portable/GCC/ARM_CM3/port.o
 .debug_info    0x000032b5      0xb08 Third-Party/FreeRTOS/org/Source/portable/MemMang/heap_4.o
 .debug_info    0x00003dbd       0xee Third-Party/SEGGER/Config/SEGGER_SYSVIEW_Config_FreeRTOS.o
 .debug_info    0x00003eab      0xb82 Third-Party/SEGGER/OS/SEGGER_SYSVIEW_FreeRTOS.o
 .debug_info    0x00004a2d     0x16d0 Third-Party/SEGGER/SEGGER/SEGGER_RTT.o
 .debug_info    0x000060fd     0x3aea Third-Party/SEGGER/SEGGER/SEGGER_SYSVIEW.o
 .debug_info    0x00009be7      0xc5d src/main.o
 .debug_info    0x0000a844      0x479 src/system_stm32f10x.o
 .debug_info    0x0000acbd       0x22 startup/startup_stm32f10x_md.o

.debug_abbrev   0x00000000     0x1863
 .debug_abbrev  0x00000000      0x1d4 StdPeriph_Driver/src/stm32f10x_rcc.o
 .debug_abbrev  0x000001d4      0x205 Third-Party/FreeRTOS/org/Source/list.o
 .debug_abbrev  0x000003d9      0x37b Third-Party/FreeRTOS/org/Source/tasks.o
 .debug_abbrev  0x00000754      0x1cb Third-Party/FreeRTOS/org/Source/portable/GCC/ARM_CM3/port.o
 .debug_abbrev  0x0000091f      0x273 Third-Party/FreeRTOS/org/Source/portable/MemMang/heap_4.o
 .debug_abbrev  0x00000b92       0xb5 Third-Party/SEGGER/Config/SEGGER_SYSVIEW_Config_FreeRTOS.o
 .debug_abbrev  0x00000c47      0x212 Third-Party/SEGGER/OS/SEGGER_SYSVIEW_FreeRTOS.o
 .debug_abbrev  0x00000e59      0x2e3 Third-Party/SEGGER/SEGGER/SEGGER_RTT.o
 .debug_abbrev  0x0000113c      0x336 Third-Party/SEGGER/SEGGER/SEGGER_SYSVIEW.o
 .debug_abbrev  0x00001472      0x273 src/main.o
 .debug_abbrev  0x000016e5      0x16c src/system_stm32f10x.o
 .debug_abbrev  0x00001851       0x12 startup/startup_stm32f10x_md.o

.debug_aranges  0x00000000      0x818
 .debug_aranges
                0x00000000      0x118 StdPeriph_Driver/src/stm32f10x_rcc.o
 .debug_aranges
                0x00000118       0x40 Third-Party/FreeRTOS/org/Source/list.o
 .debug_aranges
                0x00000158      0x188 Third-Party/FreeRTOS/org/Source/tasks.o
 .debug_aranges
                0x000002e0       0x70 Third-Party/FreeRTOS/org/Source/portable/GCC/ARM_CM3/port.o
 .debug_aranges
                0x00000350       0x50 Third-Party/FreeRTOS/org/Source/portable/MemMang/heap_4.o
 .debug_aranges
                0x000003a0       0x28 Third-Party/SEGGER/Config/SEGGER_SYSVIEW_Config_FreeRTOS.o
 .debug_aranges
                0x000003c8       0x48 Third-Party/SEGGER/OS/SEGGER_SYSVIEW_FreeRTOS.o
 .debug_aranges
                0x00000410      0x110 Third-Party/SEGGER/SEGGER/SEGGER_RTT.o
 .debug_aranges
                0x00000520      0x268 Third-Party/SEGGER/SEGGER/SEGGER_SYSVIEW.o
 .debug_aranges
                0x00000788       0x38 src/main.o
 .debug_aranges
                0x000007c0       0x30 src/system_stm32f10x.o
 .debug_aranges
                0x000007f0       0x28 startup/startup_stm32f10x_md.o

.debug_ranges   0x00000000      0x760
 .debug_ranges  0x00000000      0x108 StdPeriph_Driver/src/stm32f10x_rcc.o
 .debug_ranges  0x00000108       0x30 Third-Party/FreeRTOS/org/Source/list.o
 .debug_ranges  0x00000138      0x178 Third-Party/FreeRTOS/org/Source/tasks.o
 .debug_ranges  0x000002b0       0x60 Third-Party/FreeRTOS/org/Source/portable/GCC/ARM_CM3/port.o
 .debug_ranges  0x00000310       0x40 Third-Party/FreeRTOS/org/Source/portable/MemMang/heap_4.o
 .debug_ranges  0x00000350       0x18 Third-Party/SEGGER/Config/SEGGER_SYSVIEW_Config_FreeRTOS.o
 .debug_ranges  0x00000368       0x38 Third-Party/SEGGER/OS/SEGGER_SYSVIEW_FreeRTOS.o
 .debug_ranges  0x000003a0      0x100 Third-Party/SEGGER/SEGGER/SEGGER_RTT.o
 .debug_ranges  0x000004a0      0x258 Third-Party/SEGGER/SEGGER/SEGGER_SYSVIEW.o
 .debug_ranges  0x000006f8       0x28 src/main.o
 .debug_ranges  0x00000720       0x20 src/system_stm32f10x.o
 .debug_ranges  0x00000740       0x20 startup/startup_stm32f10x_md.o

.debug_macro    0x00000000     0x2398
 .debug_macro   0x00000000      0x2bb StdPeriph_Driver/src/stm32f10x_rcc.o
 .debug_macro   0x000002bb      0x3dc StdPeriph_Driver/src/stm32f10x_rcc.o
 .debug_macro   0x00000697      0x1be Third-Party/FreeRTOS/org/Source/list.o
 .debug_macro   0x00000855      0x2b2 Third-Party/FreeRTOS/org/Source/tasks.o
 .debug_macro   0x00000b07       0x10 Third-Party/FreeRTOS/org/Source/tasks.o
 .debug_macro   0x00000b17      0x1b6 Third-Party/FreeRTOS/org/Source/portable/GCC/ARM_CM3/port.o
 .debug_macro   0x00000ccd      0x1e5 Third-Party/FreeRTOS/org/Source/portable/MemMang/heap_4.o
 .debug_macro   0x00000eb2      0x11a Third-Party/SEGGER/Config/SEGGER_SYSVIEW_Config_FreeRTOS.o
 .debug_macro   0x00000fcc      0x1d4 Third-Party/SEGGER/OS/SEGGER_SYSVIEW_FreeRTOS.o
 .debug_macro   0x000011a0      0x1a1 Third-Party/SEGGER/SEGGER/SEGGER_RTT.o
 .debug_macro   0x00001341       0x48 Third-Party/SEGGER/SEGGER/SEGGER_RTT.o
 .debug_macro   0x00001389      0x115 Third-Party/SEGGER/SEGGER/SEGGER_RTT.o
 .debug_macro   0x0000149e      0x1f6 Third-Party/SEGGER/SEGGER/SEGGER_SYSVIEW.o
 .debug_macro   0x00001694       0x67 Third-Party/SEGGER/SEGGER/SEGGER_SYSVIEW.o
 .debug_macro   0x000016fb       0x35 Third-Party/SEGGER/SEGGER/SEGGER_SYSVIEW.o
 .debug_macro   0x00001730       0x10 Third-Party/SEGGER/SEGGER/SEGGER_SYSVIEW.o
 .debug_macro   0x00001740      0x39b src/main.o
 .debug_macro   0x00001adb       0x16 src/main.o
 .debug_macro   0x00001af1       0x97 src/main.o
 .debug_macro   0x00001b88       0xfd src/main.o
 .debug_macro   0x00001c85       0x10 src/main.o
 .debug_macro   0x00001c95       0x10 src/main.o
 .debug_macro   0x00001ca5       0x1c src/main.o
 .debug_macro   0x00001cc1       0x52 src/main.o
 .debug_macro   0x00001d13       0x40 src/main.o
 .debug_macro   0x00001d53       0x10 src/main.o
 .debug_macro   0x00001d63       0x40 src/main.o
 .debug_macro   0x00001da3       0xd7 src/main.o
 .debug_macro   0x00001e7a       0x1c src/main.o
 .debug_macro   0x00001e96       0x3d src/main.o
 .debug_macro   0x00001ed3       0x16 src/main.o
 .debug_macro   0x00001ee9      0x16f src/main.o
 .debug_macro   0x00002058      0x157 src/main.o
 .debug_macro   0x000021af       0x4c src/main.o
 .debug_macro   0x000021fb      0x19d src/system_stm32f10x.o

.debug_line     0x00000000     0x67f0
 .debug_line    0x00000000      0x8a1 StdPeriph_Driver/src/stm32f10x_rcc.o
 .debug_line    0x000008a1      0x6ae Third-Party/FreeRTOS/org/Source/list.o
 .debug_line    0x00000f4f      0xe03 Third-Party/FreeRTOS/org/Source/tasks.o
 .debug_line    0x00001d52      0x6e8 Third-Party/FreeRTOS/org/Source/portable/GCC/ARM_CM3/port.o
 .debug_line    0x0000243a      0x735 Third-Party/FreeRTOS/org/Source/portable/MemMang/heap_4.o
 .debug_line    0x00002b6f      0x5cf Third-Party/SEGGER/Config/SEGGER_SYSVIEW_Config_FreeRTOS.o
 .debug_line    0x0000313e      0x73f Third-Party/SEGGER/OS/SEGGER_SYSVIEW_FreeRTOS.o
 .debug_line    0x0000387d      0x7ee Third-Party/SEGGER/SEGGER/SEGGER_RTT.o
 .debug_line    0x0000406b     0x1699 Third-Party/SEGGER/SEGGER/SEGGER_SYSVIEW.o
 .debug_line    0x00005704      0xa4f src/main.o
 .debug_line    0x00006153      0x61f src/system_stm32f10x.o
 .debug_line    0x00006772       0x7e startup/startup_stm32f10x_md.o

.debug_str      0x00000000    0x5fec0
 .debug_str     0x00000000    0x4faa9 StdPeriph_Driver/src/stm32f10x_rcc.o
                              0x4fc66 (size before relaxing)
 .debug_str     0x0004faa9     0x9bcb Third-Party/FreeRTOS/org/Source/list.o
                               0xd8da (size before relaxing)
 .debug_str     0x00059674     0x2112 Third-Party/FreeRTOS/org/Source/tasks.o
                               0xf9de (size before relaxing)
 .debug_str     0x0005b786      0x61a Third-Party/FreeRTOS/org/Source/portable/GCC/ARM_CM3/port.o
                               0xb881 (size before relaxing)
 .debug_str     0x0005bda0      0x252 Third-Party/FreeRTOS/org/Source/portable/MemMang/heap_4.o
                               0xe09a (size before relaxing)
 .debug_str     0x0005bff2      0x164 Third-Party/SEGGER/Config/SEGGER_SYSVIEW_Config_FreeRTOS.o
                               0xa4d3 (size before relaxing)
 .debug_str     0x0005c156      0x11f Third-Party/SEGGER/OS/SEGGER_SYSVIEW_FreeRTOS.o
                               0xdecd (size before relaxing)
 .debug_str     0x0005c275      0xdd1 Third-Party/SEGGER/SEGGER/SEGGER_RTT.o
                               0x6fc5 (size before relaxing)
 .debug_str     0x0005d046     0x12fe Third-Party/SEGGER/SEGGER/SEGGER_SYSVIEW.o
                               0x8d45 (size before relaxing)
 .debug_str     0x0005e344     0x1a69 src/main.o
                              0x5ac32 (size before relaxing)
 .debug_str     0x0005fdad       0xe3 src/system_stm32f10x.o
                              0x4f1f5 (size before relaxing)
 .debug_str     0x0005fe90       0x30 startup/startup_stm32f10x_md.o
                                 0x6b (size before relaxing)

.comment        0x00000000       0x7f
 .comment       0x00000000       0x7f StdPeriph_Driver/src/stm32f10x_rcc.o
                                 0x80 (size before relaxing)
 .comment       0x0000007f       0x80 Third-Party/FreeRTOS/org/Source/list.o
 .comment       0x0000007f       0x80 Third-Party/FreeRTOS/org/Source/tasks.o
 .comment       0x0000007f       0x80 Third-Party/FreeRTOS/org/Source/portable/GCC/ARM_CM3/port.o
 .comment       0x0000007f       0x80 Third-Party/FreeRTOS/org/Source/portable/MemMang/heap_4.o
 .comment       0x0000007f       0x80 Third-Party/SEGGER/Config/SEGGER_SYSVIEW_Config_FreeRTOS.o
 .comment       0x0000007f       0x80 Third-Party/SEGGER/OS/SEGGER_SYSVIEW_FreeRTOS.o
 .comment       0x0000007f       0x80 Third-Party/SEGGER/SEGGER/SEGGER_RTT.o
 .comment       0x0000007f       0x80 Third-Party/SEGGER/SEGGER/SEGGER_SYSVIEW.o
 .comment       0x0000007f       0x80 src/main.o
 .comment       0x0000007f       0x80 src/system_stm32f10x.o
