Archive member included to satisfy reference by file (symbol)

c:/ac6/systemworkbench/plugins/fr.ac6.mcu.externaltools.arm-none.win32_1.17.0.201812190825/tools/compiler/bin/../lib/gcc/arm-none-eabi/7.3.1/../../../../arm-none-eabi/lib/thumb/v7-m\libc.a(lib_a-exit.o)
                              c:/ac6/systemworkbench/plugins/fr.ac6.mcu.externaltools.arm-none.win32_1.17.0.201812190825/tools/compiler/bin/../lib/gcc/arm-none-eabi/7.3.1/../../../../arm-none-eabi/lib/thumb/v7-m/rdimon-crt0.o (exit)
c:/ac6/systemworkbench/plugins/fr.ac6.mcu.externaltools.arm-none.win32_1.17.0.201812190825/tools/compiler/bin/../lib/gcc/arm-none-eabi/7.3.1/../../../../arm-none-eabi/lib/thumb/v7-m\libc.a(lib_a-impure.o)
                              c:/ac6/systemworkbench/plugins/fr.ac6.mcu.externaltools.arm-none.win32_1.17.0.201812190825/tools/compiler/bin/../lib/gcc/arm-none-eabi/7.3.1/../../../../arm-none-eabi/lib/thumb/v7-m\libc.a(lib_a-exit.o) (_global_impure_ptr)
c:/ac6/systemworkbench/plugins/fr.ac6.mcu.externaltools.arm-none.win32_1.17.0.201812190825/tools/compiler/bin/../lib/gcc/arm-none-eabi/7.3.1/../../../../arm-none-eabi/lib/thumb/v7-m\libc.a(lib_a-init.o)
                              c:/ac6/systemworkbench/plugins/fr.ac6.mcu.externaltools.arm-none.win32_1.17.0.201812190825/tools/compiler/bin/../lib/gcc/arm-none-eabi/7.3.1/../../../../arm-none-eabi/lib/thumb/v7-m/rdimon-crt0.o (__libc_init_array)
c:/ac6/systemworkbench/plugins/fr.ac6.mcu.externaltools.arm-none.win32_1.17.0.201812190825/tools/compiler/bin/../lib/gcc/arm-none-eabi/7.3.1/../../../../arm-none-eabi/lib/thumb/v7-m\libc.a(lib_a-memset.o)
                              c:/ac6/systemworkbench/plugins/fr.ac6.mcu.externaltools.arm-none.win32_1.17.0.201812190825/tools/compiler/bin/../lib/gcc/arm-none-eabi/7.3.1/../../../../arm-none-eabi/lib/thumb/v7-m/rdimon-crt0.o (memset)
c:/ac6/systemworkbench/plugins/fr.ac6.mcu.externaltools.arm-none.win32_1.17.0.201812190825/tools/compiler/bin/../lib/gcc/arm-none-eabi/7.3.1/../../../../arm-none-eabi/lib/thumb/v7-m\libc.a(lib_a-__call_atexit.o)
                              c:/ac6/systemworkbench/plugins/fr.ac6.mcu.externaltools.arm-none.win32_1.17.0.201812190825/tools/compiler/bin/../lib/gcc/arm-none-eabi/7.3.1/../../../../arm-none-eabi/lib/thumb/v7-m\libc.a(lib_a-exit.o) (__call_exitprocs)
c:/ac6/systemworkbench/plugins/fr.ac6.mcu.externaltools.arm-none.win32_1.17.0.201812190825/tools/compiler/bin/../lib/gcc/arm-none-eabi/7.3.1/../../../../arm-none-eabi/lib/thumb/v7-m\libc.a(lib_a-atexit.o)
                              c:/ac6/systemworkbench/plugins/fr.ac6.mcu.externaltools.arm-none.win32_1.17.0.201812190825/tools/compiler/bin/../lib/gcc/arm-none-eabi/7.3.1/../../../../arm-none-eabi/lib/thumb/v7-m\libc.a(lib_a-__call_atexit.o) (atexit)
c:/ac6/systemworkbench/plugins/fr.ac6.mcu.externaltools.arm-none.win32_1.17.0.201812190825/tools/compiler/bin/../lib/gcc/arm-none-eabi/7.3.1/../../../../arm-none-eabi/lib/thumb/v7-m\libc.a(lib_a-fini.o)
                              c:/ac6/systemworkbench/plugins/fr.ac6.mcu.externaltools.arm-none.win32_1.17.0.201812190825/tools/compiler/bin/../lib/gcc/arm-none-eabi/7.3.1/../../../../arm-none-eabi/lib/thumb/v7-m\libc.a(lib_a-__call_atexit.o) (__libc_fini_array)
c:/ac6/systemworkbench/plugins/fr.ac6.mcu.externaltools.arm-none.win32_1.17.0.201812190825/tools/compiler/bin/../lib/gcc/arm-none-eabi/7.3.1/../../../../arm-none-eabi/lib/thumb/v7-m\libc.a(lib_a-lock.o)
                              c:/ac6/systemworkbench/plugins/fr.ac6.mcu.externaltools.arm-none.win32_1.17.0.201812190825/tools/compiler/bin/../lib/gcc/arm-none-eabi/7.3.1/../../../../arm-none-eabi/lib/thumb/v7-m\libc.a(lib_a-__call_atexit.o) (__retarget_lock_acquire_recursive)
c:/ac6/systemworkbench/plugins/fr.ac6.mcu.externaltools.arm-none.win32_1.17.0.201812190825/tools/compiler/bin/../lib/gcc/arm-none-eabi/7.3.1/../../../../arm-none-eabi/lib/thumb/v7-m\libc.a(lib_a-__atexit.o)
                              c:/ac6/systemworkbench/plugins/fr.ac6.mcu.externaltools.arm-none.win32_1.17.0.201812190825/tools/compiler/bin/../lib/gcc/arm-none-eabi/7.3.1/../../../../arm-none-eabi/lib/thumb/v7-m\libc.a(lib_a-atexit.o) (__register_exitproc)
c:/ac6/systemworkbench/plugins/fr.ac6.mcu.externaltools.arm-none.win32_1.17.0.201812190825/tools/compiler/bin/../lib/gcc/arm-none-eabi/7.3.1/../../../../arm-none-eabi/lib/thumb/v7-m\librdimon.a(rdimon-syscalls.o)
                              c:/ac6/systemworkbench/plugins/fr.ac6.mcu.externaltools.arm-none.win32_1.17.0.201812190825/tools/compiler/bin/../lib/gcc/arm-none-eabi/7.3.1/../../../../arm-none-eabi/lib/thumb/v7-m/rdimon-crt0.o (initialise_monitor_handles)
c:/ac6/systemworkbench/plugins/fr.ac6.mcu.externaltools.arm-none.win32_1.17.0.201812190825/tools/compiler/bin/../lib/gcc/arm-none-eabi/7.3.1/../../../../arm-none-eabi/lib/thumb/v7-m\librdimon.a(rdimon-_exit.o)
[...]
Memory Configuration

Name             Origin             Length             Attributes
RAM              0x20000000         0x00005000         xrw
ROM              0x08000000         0x00020000         xr
*default*        0x00000000         0xffffffff

Linker script and memory map

LOAD c:/ac6/systemworkbench/plugins/fr.ac6.mcu.externaltools.arm-none.win32_1.17.0.201812190825/tools/compiler/bin/../lib/gcc/arm-none-eabi/7.3.1/thumb/v7-m/crti.o
LOAD c:/ac6/systemworkbench/plugins/fr.ac6.mcu.externaltools.arm-none.win32_1.17.0.201812190825/tools/compiler/bin/../lib/gcc/arm-none-eabi/7.3.1/thumb/v7-m/crtbegin.o
LOAD c:/ac6/systemworkbench/plugins/fr.ac6.mcu.externaltools.arm-none.win32_1.17.0.201812190825/tools/compiler/bin/../lib/gcc/arm-none-eabi/7.3.1/../../../../arm-none-eabi/lib/thumb/v7-m/rdimon-crt0.o
LOAD c:/ac6/systemworkbench/plugins/fr.ac6.mcu.externaltools.arm-none.win32_1.17.0.201812190825/tools/compiler/bin/../lib/gcc/arm-none-eabi/7.3.1/../../../../arm-none-eabi/lib/thumb/v7-m\libc.a
LOAD c:/ac6/systemworkbench/plugins/fr.ac6.mcu.externaltools.arm-none.win32_1.17.0.201812190825/tools/compiler/bin/../lib/gcc/arm-none-eabi/7.3.1/../../../../arm-none-eabi/lib/thumb/v7-m\librdimon.a
LOAD StdPeriph_Driver/src/misc.o
LOAD StdPeriph_Driver/src/stm32f10x_adc.o
LOAD StdPeriph_Driver/src/stm32f10x_bkp.o
LOAD StdPeriph_Driver/src/stm32f10x_can.o
LOAD StdPeriph_Driver/src/stm32f10x_cec.o
LOAD StdPeriph_Driver/src/stm32f10x_crc.o
LOAD StdPeriph_Driver/src/stm32f10x_dac.o
LOAD StdPeriph_Driver/src/stm32f10x_dbgmcu.o
LOAD StdPeriph_Driver/src/stm32f10x_dma.o
LOAD StdPeriph_Driver/src/stm32f10x_exti.o
LOAD StdPeriph_Driver/src/stm32f10x_flash.o
LOAD StdPeriph_Driver/src/stm32f10x_fsmc.o
LOAD StdPeriph_Driver/src/stm32f10x_gpio.o
LOAD StdPeriph_Driver/src/stm32f10x_i2c.o
LOAD StdPeriph_Driver/src/stm32f10x_iwdg.o
LOAD StdPeriph_Driver/src/stm32f10x_pwr.o
LOAD StdPeriph_Driver/src/stm32f10x_rcc.o
LOAD StdPeriph_Driver/src/stm32f10x_rtc.o
LOAD StdPeriph_Driver/src/stm32f10x_sdio.o
LOAD StdPeriph_Driver/src/stm32f10x_spi.o
LOAD StdPeriph_Driver/src/stm32f10x_tim.o
LOAD StdPeriph_Driver/src/stm32f10x_usart.o
LOAD StdPeriph_Driver/src/stm32f10x_wwdg.o
LOAD Third-Party/FreeRTOS/org/Source/croutine.o
LOAD Third-Party/FreeRTOS/org/Source/event_groups.o
LOAD Third-Party/FreeRTOS/org/Source/list.o
LOAD Third-Party/FreeRTOS/org/Source/queue.o
LOAD Third-Party/FreeRTOS/org/Source/stream_buffer.o
LOAD Third-Party/FreeRTOS/org/Source/tasks.o
LOAD Third-Party/FreeRTOS/org/Source/timers.o
LOAD Third-Party/FreeRTOS/org/Source/portable/GCC/ARM_CM3/port.o
LOAD Third-Party/FreeRTOS/org/Source/portable/MemMang/heap_4.o
LOAD Utilities/STM32F1xx-Nucleo/stm32f1xx_nucleo.o
LOAD src/main.o
LOAD src/system_stm32f10x.o
LOAD startup/startup_stm32f10x_md.o
LOAD c:/ac6/systemworkbench/plugins/fr.ac6.mcu.externaltools.arm-none.win32_1.17.0.201812190825/tools/compiler/bin/../lib/gcc/arm-none-eabi/7.3.1/../../../../arm-none-eabi/lib/thumb/v7-m\libm.a
START GROUP
LOAD c:/ac6/systemworkbench/plugins/fr.ac6.mcu.externaltools.arm-none.win32_1.17.0.201812190825/tools/compiler/bin/../lib/gcc/arm-none-eabi/7.3.1/thumb/v7-m\libgcc.a
LOAD c:/ac6/systemworkbench/plugins/fr.ac6.mcu.externaltools.arm-none.win32_1.17.0.201812190825/tools/compiler/bin/../lib/gcc/arm-none-eabi/7.3.1/../../../../arm-none-eabi/lib/thumb/v7-m\libc.a
END GROUP
START GROUP
LOAD c:/ac6/systemworkbench/plugins/fr.ac6.mcu.externaltools.arm-none.win32_1.17.0.201812190825/tools/compiler/bin/../lib/gcc/arm-none-eabi/7.3.1/thumb/v7-m\libgcc.a
LOAD c:/ac6/systemworkbench/plugins/fr.ac6.mcu.externaltools.arm-none.win32_1.17.0.201812190825/tools/compiler/bin/../lib/gcc/arm-none-eabi/7.3.1/../../../../arm-none-eabi/lib/thumb/v7-m\libc.a
LOAD c:/ac6/systemworkbench/plugins/fr.ac6.mcu.externaltools.arm-none.win32_1.17.0.201812190825/tools/compiler/bin/../lib/gcc/arm-none-eabi/7.3.1/../../../../arm-none-eabi/lib/thumb/v7-m\librdimon.a
END GROUP
LOAD c:/ac6/systemworkbench/plugins/fr.ac6.mcu.externaltools.arm-none.win32_1.17.0.201812190825/tools/compiler/bin/../lib/gcc/arm-none-eabi/7.3.1/thumb/v7-m/crtend.o
LOAD c:/ac6/systemworkbench/plugins/fr.ac6.mcu.externaltools.arm-none.win32_1.17.0.201812190825/tools/compiler/bin/../lib/gcc/arm-none-eabi/7.3.1/thumb/v7-m/crtn.o
                0x20005000                _estack = 0x20005000
                0x00000000                _Min_Heap_Size = 0x0
                0x00000400                _Min_Stack_Size = 0x400

.isr_vector     0x08000000      0x10c
                0x08000000                . = ALIGN (0x4)
 *(.isr_vector)
 .isr_vector    0x08000000      0x10c startup/startup_stm32f10x_md.o
                0x08000000                g_pfnVectors
                0x0800010c                . = ALIGN (0x4)

.text           0x08000110     0x31b0
                0x08000110                . = ALIGN (0x4)
 *(.text)
 .text          0x08000110       0x40 c:/ac6/systemworkbench/plugins/fr.ac6.mcu.externaltools.arm-none.win32_1.17.0.201812190825/tools/compiler/bin/../lib/gcc/arm-none-eabi/7.3.1/thumb/v7-m/crtbegin.o
 .text          0x08000150       0xec c:/ac6/systemworkbench/plugins/fr.ac6.mcu.externaltools.arm-none.win32_1.17.0.201812190825/tools/compiler/bin/../lib/gcc/arm-none-eabi/7.3.1/../../../../arm-none-eabi/lib/thumb/v7-m\libc.a(lib_a-memcpy.o)
                0x08000150                memcpy
 *(.text*)
 .text.__libc_init_array
                0x0800023c       0x48 c:/ac6/systemworkbench/plugins/fr.ac6.mcu.externaltools.arm-none.win32_1.17.0.201812190825/tools/compiler/bin/../lib/gcc/arm-none-eabi/7.3.1/../../../../arm-none-eabi/lib/thumb/v7-m\libc.a(lib_a-init.o)
                0x0800023c                __libc_init_array
 .text.memset   0x08000284       0x94 c:/ac6/systemworkbench/plugins/fr.ac6.mcu.externaltools.arm-none.win32_1.17.0.201812190825/tools/compiler/bin/../lib/gcc/arm-none-eabi/7.3.1/../../../../arm-none-eabi/lib/thumb/v7-m\libc.a(lib_a-memset.o)
                0x08000284                memset
 .text.startup.register_fini
                0x08000318       0x14 c:/ac6/systemworkbench/plugins/fr.ac6.mcu.externaltools.arm-none.win32_1.17.0.201812190825/tools/compiler/bin/../lib/gcc/arm-none-eabi/7.3.1/../../../../arm-none-eabi/lib/thumb/v7-m\libc.a(lib_a-__call_atexit.o)
 .text.atexit   0x0800032c        0xc c:/ac6/systemworkbench/plugins/fr.ac6.mcu.externaltools.arm-none.win32_1.17.0.201812190825/tools/compiler/bin/../lib/gcc/arm-none-eabi/7.3.1/../../../../arm-none-eabi/lib/thumb/v7-m\libc.a(lib_a-atexit.o)
                0x0800032c                atexit
 .text.__libc_fini_array
                0x08000338       0x34 c:/ac6/systemworkbench/plugins/fr.ac6.mcu.externaltools.arm-none.win32_1.17.0.201812190825/tools/compiler/bin/../lib/gcc/arm-none-eabi/7.3.1/../../../../arm-none-eabi/lib/thumb/v7-m\libc.a(lib_a-fini.o)
                0x08000338                __libc_fini_array
 .text.__retarget_lock_init_recursive
                0x0800036c        0x4 c:/ac6/systemworkbench/plugins/fr.ac6.mcu.externaltools.arm-none.win32_1.17.0.201812190825/tools/compiler/bin/../lib/gcc/arm-none-eabi/7.3.1/../../../../arm-none-eabi/lib/thumb/v7-m\libc.a(lib_a-lock.o)
                0x0800036c                __retarget_lock_init_recursive
 .text.__retarget_lock_close_recursive
                0x08000370        0x4 c:/ac6/systemworkbench/plugins/fr.ac6.mcu.externaltools.arm-none.win32_1.17.0.201812190825/tools/compiler/bin/../lib/gcc/arm-none-eabi/7.3.1/../../../../arm-none-eabi/lib/thumb/v7-m\libc.a(lib_a-lock.o)
                0x08000370                __retarget_lock_close_recursive
 .text.__retarget_lock_acquire_recursive
                0x08000374        0x4 c:/ac6/systemworkbench/plugins/fr.ac6.mcu.externaltools.arm-none.win32_1.17.0.201812190825/tools/compiler/bin/../lib/gcc/arm-none-eabi/7.3.1/../../../../arm-none-eabi/lib/thumb/v7-m\libc.a(lib_a-lock.o)
                0x08000374                __retarget_lock_acquire_recursive
 .text.__retarget_lock_release_recursive
                0x08000378        0x4 c:/ac6/systemworkbench/plugins/fr.ac6.mcu.externaltools.arm-none.win32_1.17.0.201812190825/tools/compiler/bin/../lib/gcc/arm-none-eabi/7.3.1/../../../../arm-none-eabi/lib/thumb/v7-m\libc.a(lib_a-lock.o)
                0x08000378                __retarget_lock_release_recursive
 .text.__register_exitproc
                0x0800037c       0xc0 c:/ac6/systemworkbench/plugins/fr.ac6.mcu.externaltools.arm-none.win32_1.17.0.201812190825/tools/compiler/bin/../lib/gcc/arm-none-eabi/7.3.1/../../../../arm-none-eabi/lib/thumb/v7-m\libc.a(lib_a-__atexit.o)
                0x0800037c                __register_exitproc
 .text.findslot
                0x0800043c       0x34 c:/ac6/systemworkbench/plugins/fr.ac6.mcu.externaltools.arm-none.win32_1.17.0.201812190825/tools/compiler/bin/../lib/gcc/arm-none-eabi/7.3.1/../../../../arm-none-eabi/lib/thumb/v7-m\librdimon.a(rdimon-syscalls.o)
 .text.checkerror.part.0
                0x08000470       0x1c c:/ac6/systemworkbench/plugins/fr.ac6.mcu.externaltools.arm-none.win32_1.17.0.201812190825/tools/compiler/bin/../lib/gcc/arm-none-eabi/7.3.1/../../../../arm-none-eabi/lib/thumb/v7-m\librdimon.a(rdimon-syscalls.o)
 .text._read    0x0800048c       0x58 c:/ac6/systemworkbench/plugins/fr.ac6.mcu.externaltools.arm-none.win32_1.17.0.201812190825/tools/compiler/bin/../lib/gcc/arm-none-eabi/7.3.1/../../../../arm-none-eabi/lib/thumb/v7-m\librdimon.a(rdimon-syscalls.o)
                0x0800048c                _read
 .text._swilseek
                0x080004e4       0xa4 c:/ac6/systemworkbench/plugins/fr.ac6.mcu.externaltools.arm-none.win32_1.17.0.201812190825/tools/compiler/bin/../lib/gcc/arm-none-eabi/7.3.1/../../../../arm-none-eabi/lib/thumb/v7-m\librdimon.a(rdimon-syscalls.o)
                0x080004e4                _swilseek
 .text._lseek   0x08000588        0x4 c:/ac6/systemworkbench/plugins/fr.ac6.mcu.externaltools.arm-none.win32_1.17.0.201812190825/tools/compiler/bin/../lib/gcc/arm-none-eabi/7.3.1/../../../../arm-none-eabi/lib/thumb/v7-m\librdimon.a(rdimon-syscalls.o)
                0x08000588                _lseek
 .text._write   0x0800058c       0x78 c:/ac6/systemworkbench/plugins/fr.ac6.mcu.externaltools.arm-none.win32_1.17.0.201812190825/tools/compiler/bin/../lib/gcc/arm-none-eabi/7.3.1/../../../../arm-none-eabi/lib/thumb/v7-m\librdimon.a(rdimon-syscalls.o)
                0x0800058c                _write
 .text._close   0x08000604       0x70 c:/ac6/systemworkbench/plugins/fr.ac6.mcu.externaltools.arm-none.win32_1.17.0.201812190825/tools/compiler/bin/../lib/gcc/arm-none-eabi/7.3.1/../../../../arm-none-eabi/lib/thumb/v7-m\librdimon.a(rdimon-syscalls.o)
                0x08000604                _close
 .text._sbrk    0x08000674       0x4c c:/ac6/systemworkbench/plugins/fr.ac6.mcu.externaltools.arm-none.win32_1.17.0.201812190825/tools/compiler/bin/../lib/gcc/arm-none-eabi/7.3.1/../../../../arm-none-eabi/lib/thumb/v7-m\librdimon.a(rdimon-syscalls.o)
                0x08000674                _sbrk
 .text._swistat
                0x080006c0       0x4c c:/ac6/systemworkbench/plugins/fr.ac6.mcu.externaltools.arm-none.win32_1.17.0.201812190825/tools/compiler/bin/../lib/gcc/arm-none-eabi/7.3.1/../../../../arm-none-eabi/lib/thumb/v7-m\librdimon.a(rdimon-syscalls.o)
                0x080006c0                _swistat
 .text._fstat   0x0800070c       0x1c c:/ac6/systemworkbench/plugins/fr.ac6.mcu.externaltools.arm-none.win32_1.17.0.201812190825/tools/compiler/bin/../lib/gcc/arm-none-eabi/7.3.1/../../../../arm-none-eabi/lib/thumb/v7-m\librdimon.a(rdimon-syscalls.o)
                0x0800070c                _fstat
 .text._stat    0x08000728       0x3c c:/ac6/systemworkbench/plugins/fr.ac6.mcu.externaltools.arm-none.win32_1.17.0.201812190825/tools/compiler/bin/../lib/gcc/arm-none-eabi/7.3.1/../../../../arm-none-eabi/lib/thumb/v7-m\librdimon.a(rdimon-syscalls.o)
                0x08000728                _stat
 .text._swiopen
                0x08000764       0xd4 c:/ac6/systemworkbench/plugins/fr.ac6.mcu.externaltools.arm-none.win32_1.17.0.201812190825/tools/compiler/bin/../lib/gcc/arm-none-eabi/7.3.1/../../../../arm-none-eabi/lib/thumb/v7-m\librdimon.a(rdimon-syscalls.o)
                0x08000764                _swiopen
 .text._get_semihosting_exts
                0x08000838       0xd0 c:/ac6/systemworkbench/plugins/fr.ac6.mcu.externaltools.arm-none.win32_1.17.0.201812190825/tools/compiler/bin/../lib/gcc/arm-none-eabi/7.3.1/../../../../arm-none-eabi/lib/thumb/v7-m\librdimon.a(rdimon-syscalls.o)
                0x08000838                _get_semihosting_exts
 .text.initialise_semihosting_exts
                0x08000908       0x3c c:/ac6/systemworkbench/plugins/fr.ac6.mcu.externaltools.arm-none.win32_1.17.0.201812190825/tools/compiler/bin/../lib/gcc/arm-none-eabi/7.3.1/../../../../arm-none-eabi/lib/thumb/v7-m\librdimon.a(rdimon-syscalls.o)
 .text.initialise_monitor_handles
                0x08000944      0x108 c:/ac6/systemworkbench/plugins/fr.ac6.mcu.externaltools.arm-none.win32_1.17.0.201812190825/tools/compiler/bin/../lib/gcc/arm-none-eabi/7.3.1/../../../../arm-none-eabi/lib/thumb/v7-m\librdimon.a(rdimon-syscalls.o)
                0x08000944                initialise_monitor_handles
 .text._isatty  0x08000a4c       0x3c c:/ac6/systemworkbench/plugins/fr.ac6.mcu.externaltools.arm-none.win32_1.17.0.201812190825/tools/compiler/bin/../lib/gcc/arm-none-eabi/7.3.1/../../../../arm-none-eabi/lib/thumb/v7-m\librdimon.a(rdimon-syscalls.o)
                0x08000a4c                _isatty
 .text.RCC_DeInit
                0x08000a88       0x5c StdPeriph_Driver/src/stm32f10x_rcc.o
                0x08000a88                RCC_DeInit
 .text.vListInitialise
                0x08000ae4       0x3e Third-Party/FreeRTOS/org/Source/list.o
                0x08000ae4                vListInitialise
 .text.vListInitialiseItem
                0x08000b22       0x18 Third-Party/FreeRTOS/org/Source/list.o
                0x08000b22                vListInitialiseItem
 .text.vListInsertEnd
                0x08000b3a       0x46 Third-Party/FreeRTOS/org/Source/list.o
                0x08000b3a                vListInsertEnd
 .text.uxListRemove
                0x08000b80       0x52 Third-Party/FreeRTOS/org/Source/list.o
                0x08000b80                uxListRemove
 .text.xTaskCreate
                0x08000bd2       0x82 Third-Party/FreeRTOS/org/Source/tasks.o
                0x08000bd2                xTaskCreate
 .text.prvInitialiseNewTask
                0x08000c54       0xe2 Third-Party/FreeRTOS/org/Source/tasks.o
 *fill*         0x08000d36        0x2 
 .text.prvAddNewTaskToReadyList
                0x08000d38       0xd4 Third-Party/FreeRTOS/org/Source/tasks.o
 .text.vTaskStartScheduler
                0x08000e0c       0x6c Third-Party/FreeRTOS/org/Source/tasks.o
                0x08000e0c                vTaskStartScheduler
 .text.vTaskSuspendAll
                0x08000e78       0x1c Third-Party/FreeRTOS/org/Source/tasks.o
                0x08000e78                vTaskSuspendAll
 .text.xTaskResumeAll
                0x08000e94      0x11c Third-Party/FreeRTOS/org/Source/tasks.o
                0x08000e94                xTaskResumeAll
 .text.xTaskIncrementTick
                0x08000fb0      0x150 Third-Party/FreeRTOS/org/Source/tasks.o
                0x08000fb0                xTaskIncrementTick
 .text.vTaskSwitchContext
                0x08001100       0x8c Third-Party/FreeRTOS/org/Source/tasks.o
                0x08001100                vTaskSwitchContext
 .text.prvIdleTask
                0x0800118c       0x30 Third-Party/FreeRTOS/org/Source/tasks.o
 .text.prvInitialiseTaskLists
                0x080011bc       0x80 Third-Party/FreeRTOS/org/Source/tasks.o
 .text.prvCheckTasksWaitingTermination
                0x0800123c       0x58 Third-Party/FreeRTOS/org/Source/tasks.o
 .text.prvDeleteTCB
                0x08001294       0x20 Third-Party/FreeRTOS/org/Source/tasks.o
 .text.prvResetNextTaskUnblockTime
                0x080012b4       0x40 Third-Party/FreeRTOS/org/Source/tasks.o
 .text.pxPortInitialiseStack
                0x080012f4       0x58 Third-Party/FreeRTOS/org/Source/portable/GCC/ARM_CM3/port.o
                0x080012f4                pxPortInitialiseStack
 .text.prvTaskExitError
                0x0800134c       0x2e Third-Party/FreeRTOS/org/Source/portable/GCC/ARM_CM3/port.o
 *fill*         0x0800137a        0x6 
 .text.SVC_Handler
                0x08001380       0x28 Third-Party/FreeRTOS/org/Source/portable/GCC/ARM_CM3/port.o
                0x08001380                SVC_Handler
 .text.prvPortStartFirstTask
                0x080013a8       0x20 Third-Party/FreeRTOS/org/Source/portable/GCC/ARM_CM3/port.o
 .text.xPortStartScheduler
                0x080013c8       0x40 Third-Party/FreeRTOS/org/Source/portable/GCC/ARM_CM3/port.o
                0x080013c8                xPortStartScheduler
 .text.vPortEnterCritical
                0x08001408       0x30 Third-Party/FreeRTOS/org/Source/portable/GCC/ARM_CM3/port.o
                0x08001408                vPortEnterCritical
 .text.vPortExitCritical
                0x08001438       0x30 Third-Party/FreeRTOS/org/Source/portable/GCC/ARM_CM3/port.o
                0x08001438                vPortExitCritical
 *fill*         0x08001468        0x8 
 .text.PendSV_Handler
                0x08001470       0x48 Third-Party/FreeRTOS/org/Source/portable/GCC/ARM_CM3/port.o
                0x08001470                PendSV_Handler
 .text.SysTick_Handler
                0x080014b8       0x40 Third-Party/FreeRTOS/org/Source/portable/GCC/ARM_CM3/port.o
                0x080014b8                SysTick_Handler
 .text.vPortSetupTimerInterrupt
                0x080014f8       0x34 Third-Party/FreeRTOS/org/Source/portable/GCC/ARM_CM3/port.o
                0x080014f8                vPortSetupTimerInterrupt
 .text.pvPortMalloc
                0x0800152c      0x128 Third-Party/FreeRTOS/org/Source/portable/MemMang/heap_4.o
                0x0800152c                pvPortMalloc
 .text.vPortFree
                0x08001654       0x74 Third-Party/FreeRTOS/org/Source/portable/MemMang/heap_4.o
                0x08001654                vPortFree
 .text.prvHeapInit
                0x080016c8       0xc4 Third-Party/FreeRTOS/org/Source/portable/MemMang/heap_4.o
 .text.prvInsertBlockIntoFreeList
                0x0800178c       0xb0 Third-Party/FreeRTOS/org/Source/portable/MemMang/heap_4.o
 .text.main     0x0800183c       0x70 src/main.o
                0x0800183c                main
 .text.vTask1_handler
                0x080018ac       0x14 src/main.o
                0x080018ac                vTask1_handler
 .text.vTask2_handler
                0x080018c0       0x14 src/main.o
                0x080018c0                vTask2_handler
 .text.SystemInit
                0x080018d4       0x68 src/system_stm32f10x.o
                0x080018d4                SystemInit
 .text.SystemCoreClockUpdate
                0x0800193c       0xd8 src/system_stm32f10x.o
                0x0800193c                SystemCoreClockUpdate
 .text.SetSysClock
                0x08001a14       0xb8 src/system_stm32f10x.o
 .text.Reset_Handler
                0x08001acc       0x48 startup/startup_stm32f10x_md.o
                0x08001acc                Reset_Handler
 .text.Default_Handler
                0x08001b14        0x2 startup/startup_stm32f10x_md.o
                0x08001b14                EXTI2_IRQHandler
                0x08001b14                DebugMon_Handler
                0x08001b14                TIM1_CC_IRQHandler
                0x08001b14                HardFault_Handler
                0x08001b14                PVD_IRQHandler
                0x08001b14                NMI_Handler
                0x08001b14                EXTI3_IRQHandler
                0x08001b14                EXTI0_IRQHandler
                0x08001b14                I2C2_EV_IRQHandler
                0x08001b14                UsageFault_Handler
                0x08001b14                ADC1_2_IRQHandler
                0x08001b14                SPI1_IRQHandler
                0x08001b14                TAMPER_IRQHandler
                0x08001b14                DMA1_Channel4_IRQHandler
                0x08001b14                USART3_IRQHandler
                0x08001b14                RTC_IRQHandler
                0x08001b14                DMA1_Channel7_IRQHandler
                0x08001b14                CAN1_RX1_IRQHandler
                0x08001b14                TIM4_IRQHandler
                0x08001b14                I2C1_EV_IRQHandler
                0x08001b14                DMA1_Channel6_IRQHandler
                0x08001b14                TIM3_IRQHandler
                0x08001b14                RCC_IRQHandler
                0x08001b14                TIM1_TRG_COM_IRQHandler
                0x08001b14                DMA1_Channel1_IRQHandler
                0x08001b14                Default_Handler
                0x08001b14                EXTI15_10_IRQHandler
                0x08001b14                EXTI9_5_IRQHandler
                0x08001b14                SPI2_IRQHandler
                0x08001b14                MemManage_Handler
                0x08001b14                DMA1_Channel5_IRQHandler
                0x08001b14                EXTI4_IRQHandler
                0x08001b14                USB_LP_CAN1_RX0_IRQHandler
                0x08001b14                USB_HP_CAN1_TX_IRQHandler
                0x08001b14                DMA1_Channel3_IRQHandler
                0x08001b14                TIM1_UP_IRQHandler
                0x08001b14                WWDG_IRQHandler
                0x08001b14                TIM2_IRQHandler
                0x08001b14                TIM1_BRK_IRQHandler
                0x08001b14                EXTI1_IRQHandler
                0x08001b14                RTCAlarm_IRQHandler
                0x08001b14                USART2_IRQHandler
                0x08001b14                I2C2_ER_IRQHandler
                0x08001b14                DMA1_Channel2_IRQHandler
                0x08001b14                CAN1_SCE_IRQHandler
                0x08001b14                FLASH_IRQHandler
                0x08001b14                BusFault_Handler
                0x08001b14                USART1_IRQHandler
                0x08001b14                I2C1_ER_IRQHandler
                0x08001b14                USBWakeUp_IRQHandler
 *fill*         0x08001b16        0x2 
 .text.__errno  0x08001b18        0xc c:/ac6/systemworkbench/plugins/fr.ac6.mcu.externaltools.arm-none.win32_1.17.0.201812190825/tools/compiler/bin/../lib/gcc/arm-none-eabi/7.3.1/../../../../arm-none-eabi/lib/thumb/v7-m\libc.a(lib_a-errno.o)
                0x08001b18                __errno
 .text.std      0x08001b24       0x50 c:/ac6/systemworkbench/plugins/fr.ac6.mcu.externaltools.arm-none.win32_1.17.0.201812190825/tools/compiler/bin/../lib/gcc/arm-none-eabi/7.3.1/../../../../arm-none-eabi/lib/thumb/v7-m\libc.a(lib_a-findfp.o)
 .text._cleanup_r
                0x08001b74        0xc c:/ac6/systemworkbench/plugins/fr.ac6.mcu.externaltools.arm-none.win32_1.17.0.201812190825/tools/compiler/bin/../lib/gcc/arm-none-eabi/7.3.1/../../../../arm-none-eabi/lib/thumb/v7-m\libc.a(lib_a-findfp.o)
                0x08001b74                _cleanup_r
 .text.__sinit  0x08001b80       0x60 c:/ac6/systemworkbench/plugins/fr.ac6.mcu.externaltools.arm-none.win32_1.17.0.201812190825/tools/compiler/bin/../lib/gcc/arm-none-eabi/7.3.1/../../../../arm-none-eabi/lib/thumb/v7-m\libc.a(lib_a-findfp.o)
                0x08001b80                __sinit
 .text.__sfp_lock_acquire
                0x08001be0        0xc c:/ac6/systemworkbench/plugins/fr.ac6.mcu.externaltools.arm-none.win32_1.17.0.201812190825/tools/compiler/bin/../lib/gcc/arm-none-eabi/7.3.1/../../../../arm-none-eabi/lib/thumb/v7-m\libc.a(lib_a-findfp.o)
                0x08001be0                __sfp_lock_acquire
 .text.__sfp_lock_release
                0x08001bec        0xc c:/ac6/systemworkbench/plugins/fr.ac6.mcu.externaltools.arm-none.win32_1.17.0.201812190825/tools/compiler/bin/../lib/gcc/arm-none-eabi/7.3.1/../../../../arm-none-eabi/lib/thumb/v7-m\libc.a(lib_a-findfp.o)
                0x08001bec                __sfp_lock_release
 .text._fwalk_reent
                0x08001bf8       0x50 c:/ac6/systemworkbench/plugins/fr.ac6.mcu.externaltools.arm-none.win32_1.17.0.201812190825/tools/compiler/bin/../lib/gcc/arm-none-eabi/7.3.1/../../../../arm-none-eabi/lib/thumb/v7-m\libc.a(lib_a-fwalk.o)
                0x08001bf8                _fwalk_reent
 .text._malloc_r
                0x08001c48      0x524 c:/ac6/systemworkbench/plugins/fr.ac6.mcu.externaltools.arm-none.win32_1.17.0.201812190825/tools/compiler/bin/../lib/gcc/arm-none-eabi/7.3.1/../../../../arm-none-eabi/lib/thumb/v7-m\libc.a(lib_a-mallocr.o)
                0x08001c48                _malloc_r
 .text.__malloc_lock
                0x0800216c        0xc c:/ac6/systemworkbench/plugins/fr.ac6.mcu.externaltools.arm-none.win32_1.17.0.201812190825/tools/compiler/bin/../lib/gcc/arm-none-eabi/7.3.1/../../../../arm-none-eabi/lib/thumb/v7-m\libc.a(lib_a-mlock.o)
                0x0800216c                __malloc_lock
 .text.__malloc_unlock
                0x08002178        0xc c:/ac6/systemworkbench/plugins/fr.ac6.mcu.externaltools.arm-none.win32_1.17.0.201812190825/tools/compiler/bin/../lib/gcc/arm-none-eabi/7.3.1/../../../../arm-none-eabi/lib/thumb/v7-m\libc.a(lib_a-mlock.o)
                0x08002178                __malloc_unlock
 .text._puts_r  0x08002184       0x9c c:/ac6/systemworkbench/plugins/fr.ac6.mcu.externaltools.arm-none.win32_1.17.0.201812190825/tools/compiler/bin/../lib/gcc/arm-none-eabi/7.3.1/../../../../arm-none-eabi/lib/thumb/v7-m\libc.a(lib_a-puts.o)
                0x08002184                _puts_r
 .text.puts     0x08002220       0x10 c:/ac6/systemworkbench/plugins/fr.ac6.mcu.externaltools.arm-none.win32_1.17.0.201812190825/tools/compiler/bin/../lib/gcc/arm-none-eabi/7.3.1/../../../../arm-none-eabi/lib/thumb/v7-m\libc.a(lib_a-puts.o)
                0x08002220                puts
 .text._sbrk_r  0x08002230       0x24 c:/ac6/systemworkbench/plugins/fr.ac6.mcu.externaltools.arm-none.win32_1.17.0.201812190825/tools/compiler/bin/../lib/gcc/arm-none-eabi/7.3.1/../../../../arm-none-eabi/lib/thumb/v7-m\libc.a(lib_a-sbrkr.o)
                0x08002230                _sbrk_r
 .text.__sread  0x08002254       0x24 c:/ac6/systemworkbench/plugins/fr.ac6.mcu.externaltools.arm-none.win32_1.17.0.201812190825/tools/compiler/bin/../lib/gcc/arm-none-eabi/7.3.1/../../../../arm-none-eabi/lib/thumb/v7-m\libc.a(lib_a-stdio.o)
                0x08002254                __sread
 .text.__swrite
                0x08002278       0x3c c:/ac6/systemworkbench/plugins/fr.ac6.mcu.externaltools.arm-none.win32_1.17.0.201812190825/tools/compiler/bin/../lib/gcc/arm-none-eabi/7.3.1/../../../../arm-none-eabi/lib/thumb/v7-m\libc.a(lib_a-stdio.o)
                0x08002278                __swrite
 .text.__sseek  0x080022b4       0x20 c:/ac6/systemworkbench/plugins/fr.ac6.mcu.externaltools.arm-none.win32_1.17.0.201812190825/tools/compiler/bin/../lib/gcc/arm-none-eabi/7.3.1/../../../../arm-none-eabi/lib/thumb/v7-m\libc.a(lib_a-stdio.o)
                0x080022b4                __sseek
 .text.__sclose
                0x080022d4        0x8 c:/ac6/systemworkbench/plugins/fr.ac6.mcu.externaltools.arm-none.win32_1.17.0.201812190825/tools/compiler/bin/../lib/gcc/arm-none-eabi/7.3.1/../../../../arm-none-eabi/lib/thumb/v7-m\libc.a(lib_a-stdio.o)
                0x080022d4                __sclose
 .text.strlen   0x080022dc       0x5c c:/ac6/systemworkbench/plugins/fr.ac6.mcu.externaltools.arm-none.win32_1.17.0.201812190825/tools/compiler/bin/../lib/gcc/arm-none-eabi/7.3.1/../../../../arm-none-eabi/lib/thumb/v7-m\libc.a(lib_a-strlen-stub.o)
                0x080022dc                strlen
 .text._write_r
                0x08002338       0x2c c:/ac6/systemworkbench/plugins/fr.ac6.mcu.externaltools.arm-none.win32_1.17.0.201812190825/tools/compiler/bin/../lib/gcc/arm-none-eabi/7.3.1/../../../../arm-none-eabi/lib/thumb/v7-m\libc.a(lib_a-writer.o)
                0x08002338                _write_r
 .text._close_r
                0x08002364       0x24 c:/ac6/systemworkbench/plugins/fr.ac6.mcu.externaltools.arm-none.win32_1.17.0.201812190825/tools/compiler/bin/../lib/gcc/arm-none-eabi/7.3.1/../../../../arm-none-eabi/lib/thumb/v7-m\libc.a(lib_a-closer.o)
                0x08002364                _close_r
 .text._fclose_r
                0x08002388       0xd0 c:/ac6/systemworkbench/plugins/fr.ac6.mcu.externaltools.arm-none.win32_1.17.0.201812190825/tools/compiler/bin/../lib/gcc/arm-none-eabi/7.3.1/../../../../arm-none-eabi/lib/thumb/v7-m\libc.a(lib_a-fclose.o)
                0x08002388                _fclose_r
 .text.__sflush_r
                0x08002458      0x154 c:/ac6/systemworkbench/plugins/fr.ac6.mcu.externaltools.arm-none.win32_1.17.0.201812190825/tools/compiler/bin/../lib/gcc/arm-none-eabi/7.3.1/../../../../arm-none-eabi/lib/thumb/v7-m\libc.a(lib_a-fflush.o)
                0x08002458                __sflush_r
 .text._fflush_r
                0x080025ac       0x5c c:/ac6/systemworkbench/plugins/fr.ac6.mcu.externaltools.arm-none.win32_1.17.0.201812190825/tools/compiler/bin/../lib/gcc/arm-none-eabi/7.3.1/../../../../arm-none-eabi/lib/thumb/v7-m\libc.a(lib_a-fflush.o)
                0x080025ac                _fflush_r
 .text._malloc_trim_r
                0x08002608       0xa0 c:/ac6/systemworkbench/plugins/fr.ac6.mcu.externaltools.arm-none.win32_1.17.0.201812190825/tools/compiler/bin/../lib/gcc/arm-none-eabi/7.3.1/../../../../arm-none-eabi/lib/thumb/v7-m\libc.a(lib_a-freer.o)
                0x08002608                _malloc_trim_r
 .text._free_r  0x080026a8      0x1e8 c:/ac6/systemworkbench/plugins/fr.ac6.mcu.externaltools.arm-none.win32_1.17.0.201812190825/tools/compiler/bin/../lib/gcc/arm-none-eabi/7.3.1/../../../../arm-none-eabi/lib/thumb/v7-m\libc.a(lib_a-freer.o)
                0x080026a8                _free_r
 .text.__sfvwrite_r
                0x08002890      0x2f4 c:/ac6/systemworkbench/plugins/fr.ac6.mcu.externaltools.arm-none.win32_1.17.0.201812190825/tools/compiler/bin/../lib/gcc/arm-none-eabi/7.3.1/../../../../arm-none-eabi/lib/thumb/v7-m\libc.a(lib_a-fvwrite.o)
                0x08002890                __sfvwrite_r
 .text._lseek_r
                0x08002b84       0x2c c:/ac6/systemworkbench/plugins/fr.ac6.mcu.externaltools.arm-none.win32_1.17.0.201812190825/tools/compiler/bin/../lib/gcc/arm-none-eabi/7.3.1/../../../../arm-none-eabi/lib/thumb/v7-m\libc.a(lib_a-lseekr.o)
                0x08002b84                _lseek_r
 .text.memchr   0x08002bb0       0x8c c:/ac6/systemworkbench/plugins/fr.ac6.mcu.externaltools.arm-none.win32_1.17.0.201812190825/tools/compiler/bin/../lib/gcc/arm-none-eabi/7.3.1/../../../../arm-none-eabi/lib/thumb/v7-m\libc.a(lib_a-memchr-stub.o)
                0x08002bb0                memchr
 .text.memmove  0x08002c3c       0xc4 c:/ac6/systemworkbench/plugins/fr.ac6.mcu.externaltools.arm-none.win32_1.17.0.201812190825/tools/compiler/bin/../lib/gcc/arm-none-eabi/7.3.1/../../../../arm-none-eabi/lib/thumb/v7-m\libc.a(lib_a-memmove.o)
                0x08002c3c                memmove
 .text._read_r  0x08002d00       0x2c c:/ac6/systemworkbench/plugins/fr.ac6.mcu.externaltools.arm-none.win32_1.17.0.201812190825/tools/compiler/bin/../lib/gcc/arm-none-eabi/7.3.1/../../../../arm-none-eabi/lib/thumb/v7-m\libc.a(lib_a-readr.o)
                0x08002d00                _read_r
 .text._realloc_r
                0x08002d2c      0x374 c:/ac6/systemworkbench/plugins/fr.ac6.mcu.externaltools.arm-none.win32_1.17.0.201812190825/tools/compiler/bin/../lib/gcc/arm-none-eabi/7.3.1/../../../../arm-none-eabi/lib/thumb/v7-m\libc.a(lib_a-reallocr.o)
                0x08002d2c                _realloc_r
 .text.__swsetup_r
                0x080030a0       0xcc c:/ac6/systemworkbench/plugins/fr.ac6.mcu.externaltools.arm-none.win32_1.17.0.201812190825/tools/compiler/bin/../lib/gcc/arm-none-eabi/7.3.1/../../../../arm-none-eabi/lib/thumb/v7-m\libc.a(lib_a-wsetup.o)
                0x080030a0                __swsetup_r
 .text.__swhatbuf_r
                0x0800316c       0x5c c:/ac6/systemworkbench/plugins/fr.ac6.mcu.externaltools.arm-none.win32_1.17.0.201812190825/tools/compiler/bin/../lib/gcc/arm-none-eabi/7.3.1/../../../../arm-none-eabi/lib/thumb/v7-m\libc.a(lib_a-makebuf.o)
                0x0800316c                __swhatbuf_r
 .text.__smakebuf_r
                0x080031c8       0x94 c:/ac6/systemworkbench/plugins/fr.ac6.mcu.externaltools.arm-none.win32_1.17.0.201812190825/tools/compiler/bin/../lib/gcc/arm-none-eabi/7.3.1/../../../../arm-none-eabi/lib/thumb/v7-m\libc.a(lib_a-makebuf.o)
                0x080031c8                __smakebuf_r
 .text._fstat_r
                0x0800325c       0x28 c:/ac6/systemworkbench/plugins/fr.ac6.mcu.externaltools.arm-none.win32_1.17.0.201812190825/tools/compiler/bin/../lib/gcc/arm-none-eabi/7.3.1/../../../../arm-none-eabi/lib/thumb/v7-m\libc.a(lib_a-fstatr.o)
                0x0800325c                _fstat_r
 .text._isatty_r
                0x08003284       0x24 c:/ac6/systemworkbench/plugins/fr.ac6.mcu.externaltools.arm-none.win32_1.17.0.201812190825/tools/compiler/bin/../lib/gcc/arm-none-eabi/7.3.1/../../../../arm-none-eabi/lib/thumb/v7-m\libc.a(lib_a-isattyr.o)
                0x08003284                _isatty_r
 *(.glue_7)
 .glue_7        0x080032a8        0x0 linker stubs
 *(.glue_7t)
 .glue_7t       0x080032a8        0x0 linker stubs
 *(.eh_frame)
 .eh_frame      0x080032a8        0x0 c:/ac6/systemworkbench/plugins/fr.ac6.mcu.externaltools.arm-none.win32_1.17.0.201812190825/tools/compiler/bin/../lib/gcc/arm-none-eabi/7.3.1/thumb/v7-m/crtbegin.o
 *(.init)
 .init          0x080032a8        0x4 c:/ac6/systemworkbench/plugins/fr.ac6.mcu.externaltools.arm-none.win32_1.17.0.201812190825/tools/compiler/bin/../lib/gcc/arm-none-eabi/7.3.1/thumb/v7-m/crti.o
                0x080032a8                _init
 .init          0x080032ac        0x8 c:/ac6/systemworkbench/plugins/fr.ac6.mcu.externaltools.arm-none.win32_1.17.0.201812190825/tools/compiler/bin/../lib/gcc/arm-none-eabi/7.3.1/thumb/v7-m/crtn.o
 *(.fini)
 .fini          0x080032b4        0x4 c:/ac6/systemworkbench/plugins/fr.ac6.mcu.externaltools.arm-none.win32_1.17.0.201812190825/tools/compiler/bin/../lib/gcc/arm-none-eabi/7.3.1/thumb/v7-m/crti.o
                0x080032b4                _fini
 .fini          0x080032b8        0x8 c:/ac6/systemworkbench/plugins/fr.ac6.mcu.externaltools.arm-none.win32_1.17.0.201812190825/tools/compiler/bin/../lib/gcc/arm-none-eabi/7.3.1/thumb/v7-m/crtn.o
                0x080032c0                . = ALIGN (0x4)
                0x080032c0                _etext = .

.vfp11_veneer   0x080032c0        0x0
 .vfp11_veneer  0x080032c0        0x0 linker stubs

.v4_bx          0x080032c0        0x0
 .v4_bx         0x080032c0        0x0 linker stubs

.iplt           0x080032c0        0x0
 .iplt          0x080032c0        0x0 c:/ac6/systemworkbench/plugins/fr.ac6.mcu.externaltools.arm-none.win32_1.17.0.201812190825/tools/compiler/bin/../lib/gcc/arm-none-eabi/7.3.1/thumb/v7-m/crtbegin.o

.rodata         0x080032c0       0x6c
                0x080032c0                . = ALIGN (0x4)
 *(.rodata)
 .rodata        0x080032c0        0x5 Third-Party/FreeRTOS/org/Source/tasks.o
 *fill*         0x080032c5        0x3 
 .rodata        0x080032c8       0x40 src/main.o
 *(.rodata*)
 .rodata._global_impure_ptr
                0x08003308        0x4 c:/ac6/systemworkbench/plugins/fr.ac6.mcu.externaltools.arm-none.win32_1.17.0.201812190825/tools/compiler/bin/../lib/gcc/arm-none-eabi/7.3.1/../../../../arm-none-eabi/lib/thumb/v7-m\libc.a(lib_a-impure.o)
                0x08003308                _global_impure_ptr
 .rodata._get_semihosting_exts.str1.4
                0x0800330c       0x16 c:/ac6/systemworkbench/plugins/fr.ac6.mcu.externaltools.arm-none.win32_1.17.0.201812190825/tools/compiler/bin/../lib/gcc/arm-none-eabi/7.3.1/../../../../arm-none-eabi/lib/thumb/v7-m\librdimon.a(rdimon-syscalls.o)
 *fill*         0x08003322        0x2 
 .rodata.initialise_monitor_handles.str1.4
                0x08003324        0x4 c:/ac6/systemworkbench/plugins/fr.ac6.mcu.externaltools.arm-none.win32_1.17.0.201812190825/tools/compiler/bin/../lib/gcc/arm-none-eabi/7.3.1/../../../../arm-none-eabi/lib/thumb/v7-m\librdimon.a(rdimon-syscalls.o)
 .rodata._puts_r.str1.4
                0x08003328        0x4 c:/ac6/systemworkbench/plugins/fr.ac6.mcu.externaltools.arm-none.win32_1.17.0.201812190825/tools/compiler/bin/../lib/gcc/arm-none-eabi/7.3.1/../../../../arm-none-eabi/lib/thumb/v7-m\libc.a(lib_a-puts.o)
                                  0x2 (size before relaxing)
                0x0800332c                . = ALIGN (0x4)

.rel.dyn        0x0800332c        0x0
 .rel.iplt      0x0800332c        0x0 c:/ac6/systemworkbench/plugins/fr.ac6.mcu.externaltools.arm-none.win32_1.17.0.201812190825/tools/compiler/bin/../lib/gcc/arm-none-eabi/7.3.1/thumb/v7-m/crtbegin.o

.ARM.extab      0x0800332c        0x0
                0x0800332c                . = ALIGN (0x4)
 *(.ARM.extab* .gnu.linkonce.armextab.*)
                0x0800332c                . = ALIGN (0x4)

.ARM            0x0800332c        0x0
                0x0800332c                . = ALIGN (0x4)
                0x0800332c                __exidx_start = .
 *(.ARM.exidx*)
                0x0800332c                __exidx_end = .
                0x0800332c                . = ALIGN (0x4)

.preinit_array  0x0800332c        0x0
                0x0800332c                . = ALIGN (0x4)
                0x0800332c                PROVIDE (__preinit_array_start = .)
 *(.preinit_array*)
                0x0800332c                PROVIDE (__preinit_array_end = .)
                0x0800332c                . = ALIGN (0x4)

.init_array     0x0800332c        0x8
                0x0800332c                . = ALIGN (0x4)
                0x0800332c                PROVIDE (__init_array_start = .)
 *(SORT_BY_NAME(.init_array.*))
 .init_array.00000
                0x0800332c        0x4 c:/ac6/systemworkbench/plugins/fr.ac6.mcu.externaltools.arm-none.win32_1.17.0.201812190825/tools/compiler/bin/../lib/gcc/arm-none-eabi/7.3.1/../../../../arm-none-eabi/lib/thumb/v7-m\libc.a(lib_a-__call_atexit.o)
 *(.init_array*)
 .init_array    0x08003330        0x4 c:/ac6/systemworkbench/plugins/fr.ac6.mcu.externaltools.arm-none.win32_1.17.0.201812190825/tools/compiler/bin/../lib/gcc/arm-none-eabi/7.3.1/thumb/v7-m/crtbegin.o
                0x08003334                PROVIDE (__init_array_end = .)
                0x08003334                . = ALIGN (0x4)

.fini_array     0x08003334        0x4
                0x08003334                . = ALIGN (0x4)
                0x08003334                PROVIDE (__fini_array_start = .)
 *(SORT_BY_NAME(.fini_array.*))
 *(.fini_array*)
 .fini_array    0x08003334        0x4 c:/ac6/systemworkbench/plugins/fr.ac6.mcu.externaltools.arm-none.win32_1.17.0.201812190825/tools/compiler/bin/../lib/gcc/arm-none-eabi/7.3.1/thumb/v7-m/crtbegin.o
                0x08003338                PROVIDE (__fini_array_end = .)
                0x08003338                . = ALIGN (0x4)
                0x08003338                _sidata = LOADADDR (.data)

.data           0x20000000      0x868 load address 0x08003338
                0x20000000                . = ALIGN (0x4)
                0x20000000                _sdata = .
 *(.data)
 .data          0x20000000        0x4 Third-Party/FreeRTOS/org/Source/portable/GCC/ARM_CM3/port.o
 .data          0x20000004       0x14 src/system_stm32f10x.o
                0x20000004                SystemCoreClock
                0x20000008                AHBPrescTable
 *(.data*)
 .data._impure_ptr
                0x20000018        0x4 c:/ac6/systemworkbench/plugins/fr.ac6.mcu.externaltools.arm-none.win32_1.17.0.201812190825/tools/compiler/bin/../lib/gcc/arm-none-eabi/7.3.1/../../../../arm-none-eabi/lib/thumb/v7-m\libc.a(lib_a-impure.o)
                0x20000018                _impure_ptr
 *fill*         0x2000001c        0x4 
 .data.impure_data
                0x20000020      0x428 c:/ac6/systemworkbench/plugins/fr.ac6.mcu.externaltools.arm-none.win32_1.17.0.201812190825/tools/compiler/bin/../lib/gcc/arm-none-eabi/7.3.1/../../../../arm-none-eabi/lib/thumb/v7-m\libc.a(lib_a-impure.o)
 .data.__atexit_recursive_mutex
                0x20000448        0x4 c:/ac6/systemworkbench/plugins/fr.ac6.mcu.externaltools.arm-none.win32_1.17.0.201812190825/tools/compiler/bin/../lib/gcc/arm-none-eabi/7.3.1/../../../../arm-none-eabi/lib/thumb/v7-m\libc.a(lib_a-__call_atexit.o)
                0x20000448                __atexit_recursive_mutex
 .data.__heap_limit
                0x2000044c        0x4 c:/ac6/systemworkbench/plugins/fr.ac6.mcu.externaltools.arm-none.win32_1.17.0.201812190825/tools/compiler/bin/../lib/gcc/arm-none-eabi/7.3.1/../../../../arm-none-eabi/lib/thumb/v7-m\librdimon.a(rdimon-syscalls.o)
                0x2000044c                __heap_limit
 .data.supports_ext_exit_extended
                0x20000450        0x4 c:/ac6/systemworkbench/plugins/fr.ac6.mcu.externaltools.arm-none.win32_1.17.0.201812190825/tools/compiler/bin/../lib/gcc/arm-none-eabi/7.3.1/../../../../arm-none-eabi/lib/thumb/v7-m\librdimon.a(rdimon-syscalls.o)
 .data.supports_ext_stdout_stderr
                0x20000454        0x4 c:/ac6/systemworkbench/plugins/fr.ac6.mcu.externaltools.arm-none.win32_1.17.0.201812190825/tools/compiler/bin/../lib/gcc/arm-none-eabi/7.3.1/../../../../arm-none-eabi/lib/thumb/v7-m\librdimon.a(rdimon-syscalls.o)
 .data.__malloc_av_
                0x20000458      0x408 c:/ac6/systemworkbench/plugins/fr.ac6.mcu.externaltools.arm-none.win32_1.17.0.201812190825/tools/compiler/bin/../lib/gcc/arm-none-eabi/7.3.1/../../../../arm-none-eabi/lib/thumb/v7-m\libc.a(lib_a-mallocr.o)
                0x20000458                __malloc_av_
 .data.__malloc_sbrk_base
                0x20000860        0x4 c:/ac6/systemworkbench/plugins/fr.ac6.mcu.externaltools.arm-none.win32_1.17.0.201812190825/tools/compiler/bin/../lib/gcc/arm-none-eabi/7.3.1/../../../../arm-none-eabi/lib/thumb/v7-m\libc.a(lib_a-mallocr.o)
                0x20000860                __malloc_sbrk_base
 .data.__malloc_trim_threshold
                0x20000864        0x4 c:/ac6/systemworkbench/plugins/fr.ac6.mcu.externaltools.arm-none.win32_1.17.0.201812190825/tools/compiler/bin/../lib/gcc/arm-none-eabi/7.3.1/../../../../arm-none-eabi/lib/thumb/v7-m\libc.a(lib_a-mallocr.o)
                0x20000864                __malloc_trim_threshold
                0x20000868                . = ALIGN (0x4)
                0x20000868                _edata = .

.igot.plt       0x20000868        0x0 load address 0x08003ba0
 .igot.plt      0x20000868        0x0 c:/ac6/systemworkbench/plugins/fr.ac6.mcu.externaltools.arm-none.win32_1.17.0.201812190825/tools/compiler/bin/../lib/gcc/arm-none-eabi/7.3.1/thumb/v7-m/crtbegin.o
                0x20000868                . = ALIGN (0x4)

.bss            0x20000868     0x424c load address 0x08003ba0
                0x20000868                _sbss = .
                0x20000868                __bss_start__ = _sbss
 *(.bss)
 .bss           0x20000868       0x1c c:/ac6/systemworkbench/plugins/fr.ac6.mcu.externaltools.arm-none.win32_1.17.0.201812190825/tools/compiler/bin/../lib/gcc/arm-none-eabi/7.3.1/thumb/v7-m/crtbegin.o
 .bss           0x20000884      0x104 Third-Party/FreeRTOS/org/Source/tasks.o
                0x20000884                pxCurrentTCB
 .bss           0x20000988     0x4018 Third-Party/FreeRTOS/org/Source/portable/MemMang/heap_4.o
 .bss           0x200049a0        0x8 src/main.o
                0x200049a0                xTaskHandle1
                0x200049a4                xTaskHandle2
 *(.bss*)
 .bss.heap_end.6260
                0x200049a8        0x4 c:/ac6/systemworkbench/plugins/fr.ac6.mcu.externaltools.arm-none.win32_1.17.0.201812190825/tools/compiler/bin/../lib/gcc/arm-none-eabi/7.3.1/../../../../arm-none-eabi/lib/thumb/v7-m\librdimon.a(rdimon-syscalls.o)
 .bss.monitor_stderr
                0x200049ac        0x4 c:/ac6/systemworkbench/plugins/fr.ac6.mcu.externaltools.arm-none.win32_1.17.0.201812190825/tools/compiler/bin/../lib/gcc/arm-none-eabi/7.3.1/../../../../arm-none-eabi/lib/thumb/v7-m\librdimon.a(rdimon-syscalls.o)
 .bss.monitor_stdin
                0x200049b0        0x4 c:/ac6/systemworkbench/plugins/fr.ac6.mcu.externaltools.arm-none.win32_1.17.0.201812190825/tools/compiler/bin/../lib/gcc/arm-none-eabi/7.3.1/../../../../arm-none-eabi/lib/thumb/v7-m\librdimon.a(rdimon-syscalls.o)
 .bss.monitor_stdout
                0x200049b4        0x4 c:/ac6/systemworkbench/plugins/fr.ac6.mcu.externaltools.arm-none.win32_1.17.0.201812190825/tools/compiler/bin/../lib/gcc/arm-none-eabi/7.3.1/../../../../arm-none-eabi/lib/thumb/v7-m\librdimon.a(rdimon-syscalls.o)
 .bss.openfiles
                0x200049b8       0xa0 c:/ac6/systemworkbench/plugins/fr.ac6.mcu.externaltools.arm-none.win32_1.17.0.201812190825/tools/compiler/bin/../lib/gcc/arm-none-eabi/7.3.1/../../../../arm-none-eabi/lib/thumb/v7-m\librdimon.a(rdimon-syscalls.o)
 .bss.__malloc_current_mallinfo
                0x20004a58       0x28 c:/ac6/systemworkbench/plugins/fr.ac6.mcu.externaltools.arm-none.win32_1.17.0.201812190825/tools/compiler/bin/../lib/gcc/arm-none-eabi/7.3.1/../../../../arm-none-eabi/lib/thumb/v7-m\libc.a(lib_a-mallocr.o)
                0x20004a58                __malloc_current_mallinfo
 .bss.__malloc_max_sbrked_mem
                0x20004a80        0x4 c:/ac6/systemworkbench/plugins/fr.ac6.mcu.externaltools.arm-none.win32_1.17.0.201812190825/tools/compiler/bin/../lib/gcc/arm-none-eabi/7.3.1/../../../../arm-none-eabi/lib/thumb/v7-m\libc.a(lib_a-mallocr.o)
                0x20004a80                __malloc_max_sbrked_mem
 .bss.__malloc_max_total_mem
                0x20004a84        0x4 c:/ac6/systemworkbench/plugins/fr.ac6.mcu.externaltools.arm-none.win32_1.17.0.201812190825/tools/compiler/bin/../lib/gcc/arm-none-eabi/7.3.1/../../../../arm-none-eabi/lib/thumb/v7-m\libc.a(lib_a-mallocr.o)
                0x20004a84                __malloc_max_total_mem
 .bss.__malloc_top_pad
                0x20004a88        0x4 c:/ac6/systemworkbench/plugins/fr.ac6.mcu.externaltools.arm-none.win32_1.17.0.201812190825/tools/compiler/bin/../lib/gcc/arm-none-eabi/7.3.1/../../../../arm-none-eabi/lib/thumb/v7-m\libc.a(lib_a-mallocr.o)
                0x20004a88                __malloc_top_pad
 *(COMMON)
 COMMON         0x20004a8c       0x21 c:/ac6/systemworkbench/plugins/fr.ac6.mcu.externaltools.arm-none.win32_1.17.0.201812190825/tools/compiler/bin/../lib/gcc/arm-none-eabi/7.3.1/../../../../arm-none-eabi/lib/thumb/v7-m\libc.a(lib_a-lock.o)
                0x20004a8c                __lock___atexit_recursive_mutex
                0x20004a90                __lock___arc4random_mutex
                0x20004a94                __lock___env_recursive_mutex
                0x20004a98                __lock___sinit_recursive_mutex
                0x20004a9c                __lock___malloc_recursive_mutex
                0x20004aa0                __lock___at_quick_exit_mutex
                0x20004aa4                __lock___dd_hash_mutex
                0x20004aa8                __lock___tz_mutex
                0x20004aac                __lock___sfp_recursive_mutex
 *fill*         0x20004aad        0x3 
 COMMON         0x20004ab0        0x4 c:/ac6/systemworkbench/plugins/fr.ac6.mcu.externaltools.arm-none.win32_1.17.0.201812190825/tools/compiler/bin/../lib/gcc/arm-none-eabi/7.3.1/../../../../arm-none-eabi/lib/thumb/v7-m\libc.a(lib_a-reent.o)
                0x20004ab0                errno
                0x20004ab4                . = ALIGN (0x4)
                0x20004ab4                _ebss = .
                0x20004ab4                __bss_end__ = _ebss

._user_heap_stack
                0x20004ab4      0x404 load address 0x08003ba0
                0x20004ab8                . = ALIGN (0x8)
 *fill*         0x20004ab4        0x4 
                0x20004ab8                PROVIDE (end = .)
                [!provide]                PROVIDE (_end = .)
                0x20004ab8                . = (. + _Min_Heap_Size)
                0x20004eb8                . = (. + _Min_Stack_Size)
 *fill*         0x20004ab8      0x400 
                0x20004eb8                . = ALIGN (0x8)

/DISCARD/
 libc.a(*)
 libm.a(*)
 libgcc.a(*)

.ARM.attributes
                0x00000000       0x29
 *(.ARM.attributes)
 .ARM.attributes
                0x00000000       0x1d c:/ac6/systemworkbench/plugins/fr.ac6.mcu.externaltools.arm-none.win32_1.17.0.201812190825/tools/compiler/bin/../lib/gcc/arm-none-eabi/7.3.1/thumb/v7-m/crti.o
 .ARM.attributes
                0x0000001d       0x2d c:/ac6/systemworkbench/plugins/fr.ac6.mcu.externaltools.arm-none.win32_1.17.0.201812190825/tools/compiler/bin/../lib/gcc/arm-none-eabi/7.3.1/thumb/v7-m/crtbegin.o
 .ARM.attributes
                0x0000004a       0x2d c:/ac6/systemworkbench/plugins/fr.ac6.mcu.externaltools.arm-none.win32_1.17.0.201812190825/tools/compiler/bin/../lib/gcc/arm-none-eabi/7.3.1/../../../../arm-none-eabi/lib/thumb/v7-m\libc.a(lib_a-impure.o)
 .ARM.attributes
                0x00000077       0x2d c:/ac6/systemworkbench/plugins/fr.ac6.mcu.externaltools.arm-none.win32_1.17.0.201812190825/tools/compiler/bin/../lib/gcc/arm-none-eabi/7.3.1/../../../../arm-none-eabi/lib/thumb/v7-m\libc.a(lib_a-init.o)
 .ARM.attributes
                0x000000a4       0x2d c:/ac6/systemworkbench/plugins/fr.ac6.mcu.externaltools.arm-none.win32_1.17.0.201812190825/tools/compiler/bin/../lib/gcc/arm-none-eabi/7.3.1/../../../../arm-none-eabi/lib/thumb/v7-m\libc.a(lib_a-memset.o)
 .ARM.attributes
                0x000000d1       0x2d c:/ac6/systemworkbench/plugins/fr.ac6.mcu.externaltools.arm-none.win32_1.17.0.201812190825/tools/compiler/bin/../lib/gcc/arm-none-eabi/7.3.1/../../../../arm-none-eabi/lib/thumb/v7-m\libc.a(lib_a-__call_atexit.o)
 .ARM.attributes
                0x000000fe       0x2d c:/ac6/systemworkbench/plugins/fr.ac6.mcu.externaltools.arm-none.win32_1.17.0.201812190825/tools/compiler/bin/../lib/gcc/arm-none-eabi/7.3.1/../../../../arm-none-eabi/lib/thumb/v7-m\libc.a(lib_a-atexit.o)
 .ARM.attributes
                0x0000012b       0x2d c:/ac6/systemworkbench/plugins/fr.ac6.mcu.externaltools.arm-none.win32_1.17.0.201812190825/tools/compiler/bin/../lib/gcc/arm-none-eabi/7.3.1/../../../../arm-none-eabi/lib/thumb/v7-m\libc.a(lib_a-fini.o)
 .ARM.attributes
                0x00000158       0x2d c:/ac6/systemworkbench/plugins/fr.ac6.mcu.externaltools.arm-none.win32_1.17.0.201812190825/tools/compiler/bin/../lib/gcc/arm-none-eabi/7.3.1/../../../../arm-none-eabi/lib/thumb/v7-m\libc.a(lib_a-lock.o)
 .ARM.attributes
                0x00000185       0x2d c:/ac6/systemworkbench/plugins/fr.ac6.mcu.externaltools.arm-none.win32_1.17.0.201812190825/tools/compiler/bin/../lib/gcc/arm-none-eabi/7.3.1/../../../../arm-none-eabi/lib/thumb/v7-m\libc.a(lib_a-__atexit.o)
 .ARM.attributes
                0x000001b2       0x2d c:/ac6/systemworkbench/plugins/fr.ac6.mcu.externaltools.arm-none.win32_1.17.0.201812190825/tools/compiler/bin/../lib/gcc/arm-none-eabi/7.3.1/../../../../arm-none-eabi/lib/thumb/v7-m\librdimon.a(rdimon-syscalls.o)
 .ARM.attributes
                0x000001df       0x33 StdPeriph_Driver/src/stm32f10x_rcc.o
 .ARM.attributes
                0x00000212       0x33 Third-Party/FreeRTOS/org/Source/list.o
 .ARM.attributes
                0x00000245       0x33 Third-Party/FreeRTOS/org/Source/tasks.o
 .ARM.attributes
                0x00000278       0x33 Third-Party/FreeRTOS/org/Source/portable/GCC/ARM_CM3/port.o
 .ARM.attributes
                0x000002ab       0x33 Third-Party/FreeRTOS/org/Source/portable/MemMang/heap_4.o
 .ARM.attributes
                0x000002de       0x33 src/main.o
 .ARM.attributes
                0x00000311       0x33 src/system_stm32f10x.o
 .ARM.attributes
                0x00000344       0x21 startup/startup_stm32f10x_md.o
 .ARM.attributes
                0x00000365       0x2d c:/ac6/systemworkbench/plugins/fr.ac6.mcu.externaltools.arm-none.win32_1.17.0.201812190825/tools/compiler/bin/../lib/gcc/arm-none-eabi/7.3.1/../../../../arm-none-eabi/lib/thumb/v7-m\libc.a(lib_a-errno.o)
 .ARM.attributes
                0x00000392       0x2d c:/ac6/systemworkbench/plugins/fr.ac6.mcu.externaltools.arm-none.win32_1.17.0.201812190825/tools/compiler/bin/../lib/gcc/arm-none-eabi/7.3.1/../../../../arm-none-eabi/lib/thumb/v7-m\libc.a(lib_a-findfp.o)
 .ARM.attributes
                0x000003bf       0x2d c:/ac6/systemworkbench/plugins/fr.ac6.mcu.externaltools.arm-none.win32_1.17.0.201812190825/tools/compiler/bin/../lib/gcc/arm-none-eabi/7.3.1/../../../../arm-none-eabi/lib/thumb/v7-m\libc.a(lib_a-fwalk.o)
 .ARM.attributes
                0x000003ec       0x2d c:/ac6/systemworkbench/plugins/fr.ac6.mcu.externaltools.arm-none.win32_1.17.0.201812190825/tools/compiler/bin/../lib/gcc/arm-none-eabi/7.3.1/../../../../arm-none-eabi/lib/thumb/v7-m\libc.a(lib_a-mallocr.o)
 .ARM.attributes
                0x00000419       0x1b c:/ac6/systemworkbench/plugins/fr.ac6.mcu.externaltools.arm-none.win32_1.17.0.201812190825/tools/compiler/bin/../lib/gcc/arm-none-eabi/7.3.1/../../../../arm-none-eabi/lib/thumb/v7-m\libc.a(lib_a-memcpy.o)
 .ARM.attributes
                0x00000434       0x2d c:/ac6/systemworkbench/plugins/fr.ac6.mcu.externaltools.arm-none.win32_1.17.0.201812190825/tools/compiler/bin/../lib/gcc/arm-none-eabi/7.3.1/../../../../arm-none-eabi/lib/thumb/v7-m\libc.a(lib_a-mlock.o)
 .ARM.attributes
                0x00000461       0x2d c:/ac6/systemworkbench/plugins/fr.ac6.mcu.externaltools.arm-none.win32_1.17.0.201812190825/tools/compiler/bin/../lib/gcc/arm-none-eabi/7.3.1/../../../../arm-none-eabi/lib/thumb/v7-m\libc.a(lib_a-puts.o)
 .ARM.attributes
                0x0000048e       0x2d c:/ac6/systemworkbench/plugins/fr.ac6.mcu.externaltools.arm-none.win32_1.17.0.201812190825/tools/compiler/bin/../lib/gcc/arm-none-eabi/7.3.1/../../../../arm-none-eabi/lib/thumb/v7-m\libc.a(lib_a-sbrkr.o)
 .ARM.attributes
                0x000004bb       0x2d c:/ac6/systemworkbench/plugins/fr.ac6.mcu.externaltools.arm-none.win32_1.17.0.201812190825/tools/compiler/bin/../lib/gcc/arm-none-eabi/7.3.1/../../../../arm-none-eabi/lib/thumb/v7-m\libc.a(lib_a-stdio.o)
 .ARM.attributes
                0x000004e8       0x2d c:/ac6/systemworkbench/plugins/fr.ac6.mcu.externaltools.arm-none.win32_1.17.0.201812190825/tools/compiler/bin/../lib/gcc/arm-none-eabi/7.3.1/../../../../arm-none-eabi/lib/thumb/v7-m\libc.a(lib_a-strlen-stub.o)
 .ARM.attributes
                0x00000515       0x2d c:/ac6/systemworkbench/plugins/fr.ac6.mcu.externaltools.arm-none.win32_1.17.0.201812190825/tools/compiler/bin/../lib/gcc/arm-none-eabi/7.3.1/../../../../arm-none-eabi/lib/thumb/v7-m\libc.a(lib_a-writer.o)
 .ARM.attributes
                0x00000542       0x2d c:/ac6/systemworkbench/plugins/fr.ac6.mcu.externaltools.arm-none.win32_1.17.0.201812190825/tools/compiler/bin/../lib/gcc/arm-none-eabi/7.3.1/../../../../arm-none-eabi/lib/thumb/v7-m\libc.a(lib_a-closer.o)
 .ARM.attributes
                0x0000056f       0x2d c:/ac6/systemworkbench/plugins/fr.ac6.mcu.externaltools.arm-none.win32_1.17.0.201812190825/tools/compiler/bin/../lib/gcc/arm-none-eabi/7.3.1/../../../../arm-none-eabi/lib/thumb/v7-m\libc.a(lib_a-fclose.o)
 .ARM.attributes
                0x0000059c       0x2d c:/ac6/systemworkbench/plugins/fr.ac6.mcu.externaltools.arm-none.win32_1.17.0.201812190825/tools/compiler/bin/../lib/gcc/arm-none-eabi/7.3.1/../../../../arm-none-eabi/lib/thumb/v7-m\libc.a(lib_a-fflush.o)
 .ARM.attributes
                0x000005c9       0x2d c:/ac6/systemworkbench/plugins/fr.ac6.mcu.externaltools.arm-none.win32_1.17.0.201812190825/tools/compiler/bin/../lib/gcc/arm-none-eabi/7.3.1/../../../../arm-none-eabi/lib/thumb/v7-m\libc.a(lib_a-freer.o)
 .ARM.attributes
                0x000005f6       0x2d c:/ac6/systemworkbench/plugins/fr.ac6.mcu.externaltools.arm-none.win32_1.17.0.201812190825/tools/compiler/bin/../lib/gcc/arm-none-eabi/7.3.1/../../../../arm-none-eabi/lib/thumb/v7-m\libc.a(lib_a-fvwrite.o)
 .ARM.attributes
                0x00000623       0x2d c:/ac6/systemworkbench/plugins/fr.ac6.mcu.externaltools.arm-none.win32_1.17.0.201812190825/tools/compiler/bin/../lib/gcc/arm-none-eabi/7.3.1/../../../../arm-none-eabi/lib/thumb/v7-m\libc.a(lib_a-lseekr.o)
 .ARM.attributes
                0x00000650       0x2d c:/ac6/systemworkbench/plugins/fr.ac6.mcu.externaltools.arm-none.win32_1.17.0.201812190825/tools/compiler/bin/../lib/gcc/arm-none-eabi/7.3.1/../../../../arm-none-eabi/lib/thumb/v7-m\libc.a(lib_a-memchr-stub.o)
 .ARM.attributes
                0x0000067d       0x2d c:/ac6/systemworkbench/plugins/fr.ac6.mcu.externaltools.arm-none.win32_1.17.0.201812190825/tools/compiler/bin/../lib/gcc/arm-none-eabi/7.3.1/../../../../arm-none-eabi/lib/thumb/v7-m\libc.a(lib_a-memmove.o)
 .ARM.attributes
                0x000006aa       0x2d c:/ac6/systemworkbench/plugins/fr.ac6.mcu.externaltools.arm-none.win32_1.17.0.201812190825/tools/compiler/bin/../lib/gcc/arm-none-eabi/7.3.1/../../../../arm-none-eabi/lib/thumb/v7-m\libc.a(lib_a-readr.o)
 .ARM.attributes
                0x000006d7       0x2d c:/ac6/systemworkbench/plugins/fr.ac6.mcu.externaltools.arm-none.win32_1.17.0.201812190825/tools/compiler/bin/../lib/gcc/arm-none-eabi/7.3.1/../../../../arm-none-eabi/lib/thumb/v7-m\libc.a(lib_a-reallocr.o)
 .ARM.attributes
                0x00000704       0x2d c:/ac6/systemworkbench/plugins/fr.ac6.mcu.externaltools.arm-none.win32_1.17.0.201812190825/tools/compiler/bin/../lib/gcc/arm-none-eabi/7.3.1/../../../../arm-none-eabi/lib/thumb/v7-m\libc.a(lib_a-reent.o)
 .ARM.attributes
                0x00000731       0x2d c:/ac6/systemworkbench/plugins/fr.ac6.mcu.externaltools.arm-none.win32_1.17.0.201812190825/tools/compiler/bin/../lib/gcc/arm-none-eabi/7.3.1/../../../../arm-none-eabi/lib/thumb/v7-m\libc.a(lib_a-wsetup.o)
 .ARM.attributes
                0x0000075e       0x2d c:/ac6/systemworkbench/plugins/fr.ac6.mcu.externaltools.arm-none.win32_1.17.0.201812190825/tools/compiler/bin/../lib/gcc/arm-none-eabi/7.3.1/../../../../arm-none-eabi/lib/thumb/v7-m\libc.a(lib_a-makebuf.o)
 .ARM.attributes
                0x0000078b       0x2d c:/ac6/systemworkbench/plugins/fr.ac6.mcu.externaltools.arm-none.win32_1.17.0.201812190825/tools/compiler/bin/../lib/gcc/arm-none-eabi/7.3.1/../../../../arm-none-eabi/lib/thumb/v7-m\libc.a(lib_a-fstatr.o)
 .ARM.attributes
                0x000007b8       0x2d c:/ac6/systemworkbench/plugins/fr.ac6.mcu.externaltools.arm-none.win32_1.17.0.201812190825/tools/compiler/bin/../lib/gcc/arm-none-eabi/7.3.1/../../../../arm-none-eabi/lib/thumb/v7-m\libc.a(lib_a-isattyr.o)
 .ARM.attributes
                0x000007e5       0x1d c:/ac6/systemworkbench/plugins/fr.ac6.mcu.externaltools.arm-none.win32_1.17.0.201812190825/tools/compiler/bin/../lib/gcc/arm-none-eabi/7.3.1/thumb/v7-m/crtn.o
OUTPUT(STM32_RTOS.elf elf32-littlearm)

.debug_frame    0x00000000     0x1d3c
 .debug_frame   0x00000000       0x2c c:/ac6/systemworkbench/plugins/fr.ac6.mcu.externaltools.arm-none.win32_1.17.0.201812190825/tools/compiler/bin/../lib/gcc/arm-none-eabi/7.3.1/../../../../arm-none-eabi/lib/thumb/v7-m\libc.a(lib_a-init.o)
 .debug_frame   0x0000002c       0x38 c:/ac6/systemworkbench/plugins/fr.ac6.mcu.externaltools.arm-none.win32_1.17.0.201812190825/tools/compiler/bin/../lib/gcc/arm-none-eabi/7.3.1/../../../../arm-none-eabi/lib/thumb/v7-m\libc.a(lib_a-memset.o)
 .debug_frame   0x00000064       0x5c c:/ac6/systemworkbench/plugins/fr.ac6.mcu.externaltools.arm-none.win32_1.17.0.201812190825/tools/compiler/bin/../lib/gcc/arm-none-eabi/7.3.1/../../../../arm-none-eabi/lib/thumb/v7-m\libc.a(lib_a-__call_atexit.o)
 .debug_frame   0x000000c0       0x20 c:/ac6/systemworkbench/plugins/fr.ac6.mcu.externaltools.arm-none.win32_1.17.0.201812190825/tools/compiler/bin/../lib/gcc/arm-none-eabi/7.3.1/../../../../arm-none-eabi/lib/thumb/v7-m\libc.a(lib_a-atexit.o)
 .debug_frame   0x000000e0       0x34 c:/ac6/systemworkbench/plugins/fr.ac6.mcu.externaltools.arm-none.win32_1.17.0.201812190825/tools/compiler/bin/../lib/gcc/arm-none-eabi/7.3.1/../../../../arm-none-eabi/lib/thumb/v7-m\libc.a(lib_a-fini.o)
 .debug_frame   0x00000114       0xb0 c:/ac6/systemworkbench/plugins/fr.ac6.mcu.externaltools.arm-none.win32_1.17.0.201812190825/tools/compiler/bin/../lib/gcc/arm-none-eabi/7.3.1/../../../../arm-none-eabi/lib/thumb/v7-m\libc.a(lib_a-lock.o)
 .debug_frame   0x000001c4       0x34 c:/ac6/systemworkbench/plugins/fr.ac6.mcu.externaltools.arm-none.win32_1.17.0.201812190825/tools/compiler/bin/../lib/gcc/arm-none-eabi/7.3.1/../../../../arm-none-eabi/lib/thumb/v7-m\libc.a(lib_a-__atexit.o)
 .debug_frame   0x000001f8      0x41c c:/ac6/systemworkbench/plugins/fr.ac6.mcu.externaltools.arm-none.win32_1.17.0.201812190825/tools/compiler/bin/../lib/gcc/arm-none-eabi/7.3.1/../../../../arm-none-eabi/lib/thumb/v7-m\librdimon.a(rdimon-syscalls.o)
 .debug_frame   0x00000614      0x4f4 StdPeriph_Driver/src/stm32f10x_rcc.o
 .debug_frame   0x00000b08       0xd8 Third-Party/FreeRTOS/org/Source/list.o
 .debug_frame   0x00000be0      0x654 Third-Party/FreeRTOS/org/Source/tasks.o
 .debug_frame   0x00001234      0x160 Third-Party/FreeRTOS/org/Source/portable/GCC/ARM_CM3/port.o
 .debug_frame   0x00001394      0x108 Third-Party/FreeRTOS/org/Source/portable/MemMang/heap_4.o
 .debug_frame   0x0000149c       0x70 src/main.o
 .debug_frame   0x0000150c       0x7c src/system_stm32f10x.o
 .debug_frame   0x00001588       0x20 c:/ac6/systemworkbench/plugins/fr.ac6.mcu.externaltools.arm-none.win32_1.17.0.201812190825/tools/compiler/bin/../lib/gcc/arm-none-eabi/7.3.1/../../../../arm-none-eabi/lib/thumb/v7-m\libc.a(lib_a-errno.o)
 .debug_frame   0x000015a8      0x150 c:/ac6/systemworkbench/plugins/fr.ac6.mcu.externaltools.arm-none.win32_1.17.0.201812190825/tools/compiler/bin/../lib/gcc/arm-none-eabi/7.3.1/../../../../arm-none-eabi/lib/thumb/v7-m\libc.a(lib_a-findfp.o)
 .debug_frame   0x000016f8       0x54 c:/ac6/systemworkbench/plugins/fr.ac6.mcu.externaltools.arm-none.win32_1.17.0.201812190825/tools/compiler/bin/../lib/gcc/arm-none-eabi/7.3.1/../../../../arm-none-eabi/lib/thumb/v7-m\libc.a(lib_a-fwalk.o)
 .debug_frame   0x0000174c       0x4c c:/ac6/systemworkbench/plugins/fr.ac6.mcu.externaltools.arm-none.win32_1.17.0.201812190825/tools/compiler/bin/../lib/gcc/arm-none-eabi/7.3.1/../../../../arm-none-eabi/lib/thumb/v7-m\libc.a(lib_a-mallocr.o)
 .debug_frame   0x00001798       0x30 c:/ac6/systemworkbench/plugins/fr.ac6.mcu.externaltools.arm-none.win32_1.17.0.201812190825/tools/compiler/bin/../lib/gcc/arm-none-eabi/7.3.1/../../../../arm-none-eabi/lib/thumb/v7-m\libc.a(lib_a-mlock.o)
 .debug_frame   0x000017c8       0x4c c:/ac6/systemworkbench/plugins/fr.ac6.mcu.externaltools.arm-none.win32_1.17.0.201812190825/tools/compiler/bin/../lib/gcc/arm-none-eabi/7.3.1/../../../../arm-none-eabi/lib/thumb/v7-m\libc.a(lib_a-puts.o)
 .debug_frame   0x00001814       0x2c c:/ac6/systemworkbench/plugins/fr.ac6.mcu.externaltools.arm-none.win32_1.17.0.201812190825/tools/compiler/bin/../lib/gcc/arm-none-eabi/7.3.1/../../../../arm-none-eabi/lib/thumb/v7-m\libc.a(lib_a-sbrkr.o)
 .debug_frame   0x00001840       0x88 c:/ac6/systemworkbench/plugins/fr.ac6.mcu.externaltools.arm-none.win32_1.17.0.201812190825/tools/compiler/bin/../lib/gcc/arm-none-eabi/7.3.1/../../../../arm-none-eabi/lib/thumb/v7-m\libc.a(lib_a-stdio.o)
 .debug_frame   0x000018c8       0x20 c:/ac6/systemworkbench/plugins/fr.ac6.mcu.externaltools.arm-none.win32_1.17.0.201812190825/tools/compiler/bin/../lib/gcc/arm-none-eabi/7.3.1/../../../../arm-none-eabi/lib/thumb/v7-m\libc.a(lib_a-strlen-stub.o)
 .debug_frame   0x000018e8       0x30 c:/ac6/systemworkbench/plugins/fr.ac6.mcu.externaltools.arm-none.win32_1.17.0.201812190825/tools/compiler/bin/../lib/gcc/arm-none-eabi/7.3.1/../../../../arm-none-eabi/lib/thumb/v7-m\libc.a(lib_a-writer.o)
 .debug_frame   0x00001918       0x2c c:/ac6/systemworkbench/plugins/fr.ac6.mcu.externaltools.arm-none.win32_1.17.0.201812190825/tools/compiler/bin/../lib/gcc/arm-none-eabi/7.3.1/../../../../arm-none-eabi/lib/thumb/v7-m\libc.a(lib_a-closer.o)
 .debug_frame   0x00001944       0x3c c:/ac6/systemworkbench/plugins/fr.ac6.mcu.externaltools.arm-none.win32_1.17.0.201812190825/tools/compiler/bin/../lib/gcc/arm-none-eabi/7.3.1/../../../../arm-none-eabi/lib/thumb/v7-m\libc.a(lib_a-fclose.o)
 .debug_frame   0x00001980       0x5c c:/ac6/systemworkbench/plugins/fr.ac6.mcu.externaltools.arm-none.win32_1.17.0.201812190825/tools/compiler/bin/../lib/gcc/arm-none-eabi/7.3.1/../../../../arm-none-eabi/lib/thumb/v7-m\libc.a(lib_a-fflush.o)
 .debug_frame   0x000019dc       0x80 c:/ac6/systemworkbench/plugins/fr.ac6.mcu.externaltools.arm-none.win32_1.17.0.201812190825/tools/compiler/bin/../lib/gcc/arm-none-eabi/7.3.1/../../../../arm-none-eabi/lib/thumb/v7-m\libc.a(lib_a-freer.o)
 .debug_frame   0x00001a5c       0x64 c:/ac6/systemworkbench/plugins/fr.ac6.mcu.externaltools.arm-none.win32_1.17.0.201812190825/tools/compiler/bin/../lib/gcc/arm-none-eabi/7.3.1/../../../../arm-none-eabi/lib/thumb/v7-m\libc.a(lib_a-fvwrite.o)
 .debug_frame   0x00001ac0       0x30 c:/ac6/systemworkbench/plugins/fr.ac6.mcu.externaltools.arm-none.win32_1.17.0.201812190825/tools/compiler/bin/../lib/gcc/arm-none-eabi/7.3.1/../../../../arm-none-eabi/lib/thumb/v7-m\libc.a(lib_a-lseekr.o)
 .debug_frame   0x00001af0       0x34 c:/ac6/systemworkbench/plugins/fr.ac6.mcu.externaltools.arm-none.win32_1.17.0.201812190825/tools/compiler/bin/../lib/gcc/arm-none-eabi/7.3.1/../../../../arm-none-eabi/lib/thumb/v7-m\libc.a(lib_a-memchr-stub.o)
 .debug_frame   0x00001b24       0x40 c:/ac6/systemworkbench/plugins/fr.ac6.mcu.externaltools.arm-none.win32_1.17.0.201812190825/tools/compiler/bin/../lib/gcc/arm-none-eabi/7.3.1/../../../../arm-none-eabi/lib/thumb/v7-m\libc.a(lib_a-memmove.o)
 .debug_frame   0x00001b64       0x30 c:/ac6/systemworkbench/plugins/fr.ac6.mcu.externaltools.arm-none.win32_1.17.0.201812190825/tools/compiler/bin/../lib/gcc/arm-none-eabi/7.3.1/../../../../arm-none-eabi/lib/thumb/v7-m\libc.a(lib_a-readr.o)
 .debug_frame   0x00001b94       0x58 c:/ac6/systemworkbench/plugins/fr.ac6.mcu.externaltools.arm-none.win32_1.17.0.201812190825/tools/compiler/bin/../lib/gcc/arm-none-eabi/7.3.1/../../../../arm-none-eabi/lib/thumb/v7-m\libc.a(lib_a-reallocr.o)
 .debug_frame   0x00001bec       0x68 c:/ac6/systemworkbench/plugins/fr.ac6.mcu.externaltools.arm-none.win32_1.17.0.201812190825/tools/compiler/bin/../lib/gcc/arm-none-eabi/7.3.1/../../../../arm-none-eabi/lib/thumb/v7-m\libc.a(lib_a-reent.o)
 .debug_frame   0x00001c54       0x2c c:/ac6/systemworkbench/plugins/fr.ac6.mcu.externaltools.arm-none.win32_1.17.0.201812190825/tools/compiler/bin/../lib/gcc/arm-none-eabi/7.3.1/../../../../arm-none-eabi/lib/thumb/v7-m\libc.a(lib_a-wsetup.o)
 .debug_frame   0x00001c80       0x64 c:/ac6/systemworkbench/plugins/fr.ac6.mcu.externaltools.arm-none.win32_1.17.0.201812190825/tools/compiler/bin/../lib/gcc/arm-none-eabi/7.3.1/../../../../arm-none-eabi/lib/thumb/v7-m\libc.a(lib_a-makebuf.o)
 .debug_frame   0x00001ce4       0x2c c:/ac6/systemworkbench/plugins/fr.ac6.mcu.externaltools.arm-none.win32_1.17.0.201812190825/tools/compiler/bin/../lib/gcc/arm-none-eabi/7.3.1/../../../../arm-none-eabi/lib/thumb/v7-m\libc.a(lib_a-fstatr.o)
 .debug_frame   0x00001d10       0x2c c:/ac6/systemworkbench/plugins/fr.ac6.mcu.externaltools.arm-none.win32_1.17.0.201812190825/tools/compiler/bin/../lib/gcc/arm-none-eabi/7.3.1/../../../../arm-none-eabi/lib/thumb/v7-m\libc.a(lib_a-isattyr.o)

.debug_info     0x00000000     0x4b78
 .debug_info    0x00000000      0x8b2 StdPeriph_Driver/src/stm32f10x_rcc.o
 .debug_info    0x000008b2      0xad0 Third-Party/FreeRTOS/org/Source/list.o
 .debug_info    0x00001382     0x1bf1 Third-Party/FreeRTOS/org/Source/tasks.o
 .debug_info    0x00002f73      0x2df Third-Party/FreeRTOS/org/Source/portable/GCC/ARM_CM3/port.o
 .debug_info    0x00003252      0xb08 Third-Party/FreeRTOS/org/Source/portable/MemMang/heap_4.o
 .debug_info    0x00003d5a      0x983 src/main.o
 .debug_info    0x000046dd      0x479 src/system_stm32f10x.o
 .debug_info    0x00004b56       0x22 startup/startup_stm32f10x_md.o

.debug_abbrev   0x00000000      0xeff
 .debug_abbrev  0x00000000      0x1d4 StdPeriph_Driver/src/stm32f10x_rcc.o
 .debug_abbrev  0x000001d4      0x205 Third-Party/FreeRTOS/org/Source/list.o
 .debug_abbrev  0x000003d9      0x36e Third-Party/FreeRTOS/org/Source/tasks.o
 .debug_abbrev  0x00000747      0x1cb Third-Party/FreeRTOS/org/Source/portable/GCC/ARM_CM3/port.o
 .debug_abbrev  0x00000912      0x273 Third-Party/FreeRTOS/org/Source/portable/MemMang/heap_4.o
 .debug_abbrev  0x00000b85      0x1fc src/main.o
 .debug_abbrev  0x00000d81      0x16c src/system_stm32f10x.o
 .debug_abbrev  0x00000eed       0x12 startup/startup_stm32f10x_md.o

.debug_aranges  0x00000000      0x418
 .debug_aranges
                0x00000000      0x118 StdPeriph_Driver/src/stm32f10x_rcc.o
 .debug_aranges
                0x00000118       0x40 Third-Party/FreeRTOS/org/Source/list.o
 .debug_aranges
                0x00000158      0x178 Third-Party/FreeRTOS/org/Source/tasks.o
 .debug_aranges
                0x000002d0       0x70 Third-Party/FreeRTOS/org/Source/portable/GCC/ARM_CM3/port.o
 .debug_aranges
                0x00000340       0x50 Third-Party/FreeRTOS/org/Source/portable/MemMang/heap_4.o
 .debug_aranges
                0x00000390       0x30 src/main.o
 .debug_aranges
                0x000003c0       0x30 src/system_stm32f10x.o
 .debug_aranges
                0x000003f0       0x28 startup/startup_stm32f10x_md.o

.debug_ranges   0x00000000      0x3a0
 .debug_ranges  0x00000000      0x108 StdPeriph_Driver/src/stm32f10x_rcc.o
 .debug_ranges  0x00000108       0x30 Third-Party/FreeRTOS/org/Source/list.o
 .debug_ranges  0x00000138      0x168 Third-Party/FreeRTOS/org/Source/tasks.o
 .debug_ranges  0x000002a0       0x60 Third-Party/FreeRTOS/org/Source/portable/GCC/ARM_CM3/port.o
 .debug_ranges  0x00000300       0x40 Third-Party/FreeRTOS/org/Source/portable/MemMang/heap_4.o
 .debug_ranges  0x00000340       0x20 src/main.o
 .debug_ranges  0x00000360       0x20 src/system_stm32f10x.o
 .debug_ranges  0x00000380       0x20 startup/startup_stm32f10x_md.o

.debug_macro    0x00000000     0x1963
 .debug_macro   0x00000000      0x2bb StdPeriph_Driver/src/stm32f10x_rcc.o
 .debug_macro   0x000002bb      0x3dc StdPeriph_Driver/src/stm32f10x_rcc.o
 .debug_macro   0x00000697      0x17a Third-Party/FreeRTOS/org/Source/list.o
 .debug_macro   0x00000811      0x267 Third-Party/FreeRTOS/org/Source/tasks.o
 .debug_macro   0x00000a78       0x10 Third-Party/FreeRTOS/org/Source/tasks.o
 .debug_macro   0x00000a88      0x172 Third-Party/FreeRTOS/org/Source/portable/GCC/ARM_CM3/port.o
 .debug_macro   0x00000bfa      0x1a1 Third-Party/FreeRTOS/org/Source/portable/MemMang/heap_4.o
 .debug_macro   0x00000d9b      0x357 src/main.o
 .debug_macro   0x000010f2       0x16 src/main.o
 .debug_macro   0x00001108       0x97 src/main.o
 .debug_macro   0x0000119f       0xfd src/main.o
 .debug_macro   0x0000129c       0x10 src/main.o
 .debug_macro   0x000012ac       0x10 src/main.o
 .debug_macro   0x000012bc       0x1c src/main.o
 .debug_macro   0x000012d8       0x52 src/main.o
 .debug_macro   0x0000132a       0x40 src/main.o
 .debug_macro   0x0000136a       0x10 src/main.o
 .debug_macro   0x0000137a       0x40 src/main.o
 .debug_macro   0x000013ba       0xd7 src/main.o
 .debug_macro   0x00001491       0x1c src/main.o
 .debug_macro   0x000014ad       0x3d src/main.o
 .debug_macro   0x000014ea       0x16 src/main.o
 .debug_macro   0x00001500      0x16f src/main.o
 .debug_macro   0x0000166f      0x157 src/main.o
 .debug_macro   0x000017c6      0x19d src/system_stm32f10x.o

.debug_line     0x00000000     0x3594
 .debug_line    0x00000000      0x8a1 StdPeriph_Driver/src/stm32f10x_rcc.o
 .debug_line    0x000008a1      0x570 Third-Party/FreeRTOS/org/Source/list.o
 .debug_line    0x00000e11      0xc43 Third-Party/FreeRTOS/org/Source/tasks.o
 .debug_line    0x00001a54      0x5a7 Third-Party/FreeRTOS/org/Source/portable/GCC/ARM_CM3/port.o
 .debug_line    0x00001ffb      0x5f7 Third-Party/FreeRTOS/org/Source/portable/MemMang/heap_4.o
 .debug_line    0x000025f2      0x905 src/main.o
 .debug_line    0x00002ef7      0x61f src/system_stm32f10x.o
 .debug_line    0x00003516       0x7e startup/startup_stm32f10x_md.o

.debug_str      0x00000000    0x5a24d
 .debug_str     0x00000000    0x4faa9 StdPeriph_Driver/src/stm32f10x_rcc.o
                              0x4fc66 (size before relaxing)
 .debug_str     0x0004faa9     0x65ad Third-Party/FreeRTOS/org/Source/list.o
                               0xa28e (size before relaxing)
 .debug_str     0x00056056     0x1fd9 Third-Party/FreeRTOS/org/Source/tasks.o
                               0xc259 (size before relaxing)
 .debug_str     0x0005802f      0x61a Third-Party/FreeRTOS/org/Source/portable/GCC/ARM_CM3/port.o
                               0x8235 (size before relaxing)
 .debug_str     0x00058649      0x252 Third-Party/FreeRTOS/org/Source/portable/MemMang/heap_4.o
                               0xaa4e (size before relaxing)
 .debug_str     0x0005889b     0x1895 src/main.o
                              0x573ef (size before relaxing)
 .debug_str     0x0005a130       0xed src/system_stm32f10x.o
                              0x4f1f5 (size before relaxing)
 .debug_str     0x0005a21d       0x30 startup/startup_stm32f10x_md.o
                                 0x6b (size before relaxing)

.comment        0x00000000       0x7f
 .comment       0x00000000       0x7f StdPeriph_Driver/src/stm32f10x_rcc.o
                                 0x80 (size before relaxing)
 .comment       0x0000007f       0x80 Third-Party/FreeRTOS/org/Source/list.o
 .comment       0x0000007f       0x80 Third-Party/FreeRTOS/org/Source/tasks.o
 .comment       0x0000007f       0x80 Third-Party/FreeRTOS/org/Source/portable/GCC/ARM_CM3/port.o
 .comment       0x0000007f       0x80 Third-Party/FreeRTOS/org/Source/portable/MemMang/heap_4.o
 .comment       0x0000007f       0x80 src/main.o
 .comment       0x0000007f       0x80 src/system_stm32f10x.o
